
Discarded input sections

 .text          0x00000000        0x0 build/obj/Base.o
 .data          0x00000000        0x0 build/obj/Base.o
 .bss           0x00000000        0x0 build/obj/Base.o
 .text.gptDelayUs2
                0x00000000       0x30 build/obj/Base.o
 .text          0x00000000        0x0 build/obj/lcd.o
 .data          0x00000000        0x0 build/obj/lcd.o
 .bss           0x00000000        0x0 build/obj/lcd.o
 .text.LCD_Backlight
                0x00000000       0x30 build/obj/lcd.o
 .text.LCD_CustomChar
                0x00000000       0x50 build/obj/lcd.o
 .text          0x00000000        0x0 build/obj/accel.o
 .data          0x00000000        0x0 build/obj/accel.o
 .bss           0x00000000        0x0 build/obj/accel.o
 .text.itoa     0x00000000       0xe0 build/obj/accel.o
 .text          0x00000000        0x0 build/obj/main.o
 .data          0x00000000        0x0 build/obj/main.o
 .bss           0x00000000        0x0 build/obj/main.o
 .text          0x00000000        0x0 C:/STM32v2/Objects/Ram/crt0.o
 .data          0x00000000        0x0 C:/STM32v2/Objects/Ram/crt0.o
 .bss           0x00000000        0x0 C:/STM32v2/Objects/Ram/crt0.o
 .text.__early_init
                0x00000000       0x10 C:/STM32v2/Objects/Ram/crt0.o
 .text          0x00000000        0x0 C:/STM32v2/Objects/Ram/vectors.o
 .data          0x00000000        0x0 C:/STM32v2/Objects/Ram/vectors.o
 .bss           0x00000000        0x0 C:/STM32v2/Objects/Ram/vectors.o
 .text          0x00000000        0x0 C:/STM32v2/Objects/Ram/chcore.o
 .data          0x00000000        0x0 C:/STM32v2/Objects/Ram/chcore.o
 .bss           0x00000000        0x0 C:/STM32v2/Objects/Ram/chcore.o
 .text.port_halt
                0x00000000       0x10 C:/STM32v2/Objects/Ram/chcore.o
 .debug_info    0x00000000       0x8e C:/STM32v2/Objects/Ram/chcore.o
 .debug_abbrev  0x00000000       0x40 C:/STM32v2/Objects/Ram/chcore.o
 .debug_aranges
                0x00000000       0x20 C:/STM32v2/Objects/Ram/chcore.o
 .debug_ranges  0x00000000       0x10 C:/STM32v2/Objects/Ram/chcore.o
 .debug_line    0x00000000       0x6b C:/STM32v2/Objects/Ram/chcore.o
 .debug_str     0x00000000      0x1f1 C:/STM32v2/Objects/Ram/chcore.o
 .comment       0x00000000       0x71 C:/STM32v2/Objects/Ram/chcore.o
 .ARM.attributes
                0x00000000       0x39 C:/STM32v2/Objects/Ram/chcore.o
 .debug_frame   0x00000000       0x20 C:/STM32v2/Objects/Ram/chcore.o
 .text          0x00000000        0x0 C:/STM32v2/Objects/Ram/chcore_v7m.o
 .data          0x00000000        0x0 C:/STM32v2/Objects/Ram/chcore_v7m.o
 .bss           0x00000000        0x0 C:/STM32v2/Objects/Ram/chcore_v7m.o
 .text          0x00000000        0x0 C:/STM32v2/Objects/Ram/nvic.o
 .data          0x00000000        0x0 C:/STM32v2/Objects/Ram/nvic.o
 .bss           0x00000000        0x0 C:/STM32v2/Objects/Ram/nvic.o
 .text.nvicDisableVector
                0x00000000       0x60 C:/STM32v2/Objects/Ram/nvic.o
 .text          0x00000000        0x0 C:/STM32v2/Objects/Ram/chsys.o
 .data          0x00000000        0x0 C:/STM32v2/Objects/Ram/chsys.o
 .bss           0x00000000        0x0 C:/STM32v2/Objects/Ram/chsys.o
 .text          0x00000000        0x0 C:/STM32v2/Objects/Ram/chdebug.o
 .data          0x00000000        0x0 C:/STM32v2/Objects/Ram/chdebug.o
 .bss           0x00000000        0x0 C:/STM32v2/Objects/Ram/chdebug.o
 .debug_info    0x00000000       0x75 C:/STM32v2/Objects/Ram/chdebug.o
 .debug_abbrev  0x00000000       0x24 C:/STM32v2/Objects/Ram/chdebug.o
 .debug_aranges
                0x00000000       0x18 C:/STM32v2/Objects/Ram/chdebug.o
 .debug_line    0x00000000       0x1d C:/STM32v2/Objects/Ram/chdebug.o
 .debug_str     0x00000000      0x1e2 C:/STM32v2/Objects/Ram/chdebug.o
 .comment       0x00000000       0x71 C:/STM32v2/Objects/Ram/chdebug.o
 .ARM.attributes
                0x00000000       0x39 C:/STM32v2/Objects/Ram/chdebug.o
 .text          0x00000000        0x0 C:/STM32v2/Objects/Ram/chlists.o
 .data          0x00000000        0x0 C:/STM32v2/Objects/Ram/chlists.o
 .bss           0x00000000        0x0 C:/STM32v2/Objects/Ram/chlists.o
 .debug_info    0x00000000       0x75 C:/STM32v2/Objects/Ram/chlists.o
 .debug_abbrev  0x00000000       0x24 C:/STM32v2/Objects/Ram/chlists.o
 .debug_aranges
                0x00000000       0x18 C:/STM32v2/Objects/Ram/chlists.o
 .debug_line    0x00000000       0x1d C:/STM32v2/Objects/Ram/chlists.o
 .debug_str     0x00000000      0x1e2 C:/STM32v2/Objects/Ram/chlists.o
 .comment       0x00000000       0x71 C:/STM32v2/Objects/Ram/chlists.o
 .ARM.attributes
                0x00000000       0x39 C:/STM32v2/Objects/Ram/chlists.o
 .text          0x00000000        0x0 C:/STM32v2/Objects/Ram/chvt.o
 .data          0x00000000        0x0 C:/STM32v2/Objects/Ram/chvt.o
 .bss           0x00000000        0x0 C:/STM32v2/Objects/Ram/chvt.o
[...]
Memory Configuration

Name             Origin             Length             Attributes
flash            0x20000000         0x00010000
ram              0x20010000         0x0000c000
ethram           0x2001c000         0x00004000
ccmram           0x10000000         0x00010000
*default*        0x00000000         0xffffffff

Linker script and memory map

LOAD build/obj/Base.o
LOAD build/obj/lcd.o
LOAD build/obj/accel.o
LOAD build/obj/main.o
LOAD C:/STM32v2/Objects/Ram/crt0.o
LOAD C:/STM32v2/Objects/Ram/vectors.o
LOAD C:/STM32v2/Objects/Ram/chcore.o
LOAD C:/STM32v2/Objects/Ram/chcore_v7m.o
LOAD C:/STM32v2/Objects/Ram/nvic.o
LOAD C:/STM32v2/Objects/Ram/chsys.o
LOAD C:/STM32v2/Objects/Ram/chdebug.o
LOAD C:/STM32v2/Objects/Ram/chlists.o
LOAD C:/STM32v2/Objects/Ram/chvt.o
LOAD C:/STM32v2/Objects/Ram/chschd.o
LOAD C:/STM32v2/Objects/Ram/chthreads.o
LOAD C:/STM32v2/Objects/Ram/chdynamic.o
LOAD C:/STM32v2/Objects/Ram/chregistry.o
LOAD C:/STM32v2/Objects/Ram/chsem.o
LOAD C:/STM32v2/Objects/Ram/chmtx.o
LOAD C:/STM32v2/Objects/Ram/chcond.o
LOAD C:/STM32v2/Objects/Ram/chevents.o
LOAD C:/STM32v2/Objects/Ram/chmsg.o
LOAD C:/STM32v2/Objects/Ram/chmboxes.o
LOAD C:/STM32v2/Objects/Ram/chqueues.o
LOAD C:/STM32v2/Objects/Ram/chmemcore.o
LOAD C:/STM32v2/Objects/Ram/chheap.o
LOAD C:/STM32v2/Objects/Ram/chmempools.o
LOAD C:/STM32v2/Objects/Ram/hal.o
LOAD C:/STM32v2/Objects/Ram/adc.o
LOAD C:/STM32v2/Objects/Ram/can.o
LOAD C:/STM32v2/Objects/Ram/ext.o
LOAD C:/STM32v2/Objects/Ram/gpt.o
LOAD C:/STM32v2/Objects/Ram/i2c.o
LOAD C:/STM32v2/Objects/Ram/icu.o
LOAD C:/STM32v2/Objects/Ram/mac.o
LOAD C:/STM32v2/Objects/Ram/mmc_spi.o
LOAD C:/STM32v2/Objects/Ram/mmcsd.o
LOAD C:/STM32v2/Objects/Ram/pal.o
LOAD C:/STM32v2/Objects/Ram/pwm.o
LOAD C:/STM32v2/Objects/Ram/rtc.o
LOAD C:/STM32v2/Objects/Ram/sdc.o
LOAD C:/STM32v2/Objects/Ram/serial.o
LOAD C:/STM32v2/Objects/Ram/serial_usb.o
LOAD C:/STM32v2/Objects/Ram/spi.o
LOAD C:/STM32v2/Objects/Ram/tm.o
LOAD C:/STM32v2/Objects/Ram/uart.o
LOAD C:/STM32v2/Objects/Ram/usb.o
LOAD C:/STM32v2/Objects/Ram/stm32_dma.o
LOAD C:/STM32v2/Objects/Ram/hal_lld.o
LOAD C:/STM32v2/Objects/Ram/adc_lld.o
LOAD C:/STM32v2/Objects/Ram/ext_lld_isr.o
LOAD C:/STM32v2/Objects/Ram/can_lld.o
LOAD C:/STM32v2/Objects/Ram/ext_lld.o
LOAD C:/STM32v2/Objects/Ram/mac_lld.o
LOAD C:/STM32v2/Objects/Ram/sdc_lld.o
LOAD C:/STM32v2/Objects/Ram/pal_lld.o
LOAD C:/STM32v2/Objects/Ram/i2c_lld.o
LOAD C:/STM32v2/Objects/Ram/usb_lld.o
LOAD C:/STM32v2/Objects/Ram/rtc_lld.o
LOAD C:/STM32v2/Objects/Ram/spi_lld.o
LOAD C:/STM32v2/Objects/Ram/gpt_lld.o
LOAD C:/STM32v2/Objects/Ram/icu_lld.o
LOAD C:/STM32v2/Objects/Ram/pwm_lld.o
LOAD C:/STM32v2/Objects/Ram/serial_lld.o
LOAD C:/STM32v2/Objects/Ram/uart_lld.o
LOAD C:/STM32v2/Objects/Ram/board.o
LOAD c:/stm32v2/gnu-arm/bin/../lib/gcc/arm-none-eabi/4.8.3/../../../../arm-none-eabi/lib/armv7e-m\libm.a
START GROUP
LOAD c:/stm32v2/gnu-arm/bin/../lib/gcc/arm-none-eabi/4.8.3/armv7e-m\libgcc.a
LOAD c:/stm32v2/gnu-arm/bin/../lib/gcc/arm-none-eabi/4.8.3/../../../../arm-none-eabi/lib/armv7e-m\libc.a
END GROUP
                0x00000400                __main_stack_size__ = 0x400
                0x00000400                __process_stack_size__ = 0x400
                0x20010000                __ram_start__ = ORIGIN (ram)
                0x0000c000                __ram_size__ = 0xc000
                0x2001c000                __ram_end__ = (__ram_start__ + __ram_size__)
                0x00000000                . = 0x0
                0x00000000                _text = .

startup         0x20000000      0x188
 *(vectors)
 vectors        0x20000000      0x188 C:/STM32v2/Objects/Ram/vectors.o
                0x20000000                _vectors

constructors    0x20000188        0x0
                0x20000188                PROVIDE (__init_array_start, .)
 *(SORT(.init_array.*))
 *(.init_array)
                0x20000188                PROVIDE (__init_array_end, .)

destructors     0x20000188        0x0
                0x20000188                PROVIDE (__fini_array_start, .)
 *(.fini_array)
 *(SORT(.fini_array.*))
                0x20000188                PROVIDE (__fini_array_end, .)

.text           0x20000190     0x2f3c
 *(.text.startup.*)
 *(.text)
 *(.text.*)
 .text.gptDelayUs
                0x20000190       0x30 build/obj/Base.o
                0x20000190                gptDelayUs
 .text.baseInit
                0x200001c0       0x30 build/obj/Base.o
                0x200001c0                baseInit
 .text.GPIO_ModePushPull
                0x200001f0       0xa0 build/obj/lcd.o
                0x200001f0                GPIO_ModePushPull
 .text.lcdGPIOInit
                0x20000290       0x50 build/obj/lcd.o
 .text.lcdNibble
                0x200002e0       0x70 build/obj/lcd.o
 .text.LCD_ClearDisplay
                0x20000350       0x20 build/obj/lcd.o
                0x20000350                LCD_ClearDisplay
 .text.LCD_Config
                0x20000370       0x60 build/obj/lcd.o
                0x20000370                LCD_Config
 .text.LCD_GotoXY
                0x200003d0       0x40 build/obj/lcd.o
                0x200003d0                LCD_GotoXY
 .text.LCD_SendChar
                0x20000410       0x40 build/obj/lcd.o
                0x20000410                LCD_SendChar
 .text.LCD_SendString
                0x20000450       0x40 build/obj/lcd.o
                0x20000450                LCD_SendString
 .text.LCD_Init
                0x20000490       0xe0 build/obj/lcd.o
                0x20000490                LCD_Init
 .text.initAccel
                0x20000570       0x90 build/obj/accel.o
                0x20000570                initAccel
 .text.readAccel
                0x20000600       0xf0 build/obj/accel.o
                0x20000600                readAccel
 .text.writeAccel
                0x200006f0       0xb0 build/obj/accel.o
                0x200006f0                writeAccel
 .text.displayAccel
                0x200007a0       0xa0 build/obj/main.o
                0x200007a0                displayAccel
 .text.main     0x20000840      0x150 build/obj/main.o
                0x20000840                main
 .text.__late_init
                0x20000990       0x10 C:/STM32v2/Objects/Ram/crt0.o
                0x20000990                __late_init
 .text._default_exit
                0x200009a0       0x10 C:/STM32v2/Objects/Ram/crt0.o
                0x200009a0                _default_exit
 .text.ResetHandler
                0x200009b0      0x100 C:/STM32v2/Objects/Ram/crt0.o
                0x200009b0                ResetHandler
 .text._unhandled_exception
                0x20000ab0       0x10 C:/STM32v2/Objects/Ram/vectors.o
                0x20000ab0                Vector58
                0x20000ab0                VectorE8
                0x20000ab0                Vector9C
                0x20000ab0                VectorAC
                0x20000ab0                Vector5C
                0x20000ab0                NMIVector
                0x20000ab0                Vector11C
                0x20000ab0                Vector8C
                0x20000ab0                VectorDC
                0x20000ab0                Vector168
                0x20000ab0                Vector110
                0x20000ab0                VectorC8
                0x20000ab0                Vector94
                0x20000ab0                VectorA8
                0x20000ab0                Vector160
                0x20000ab0                VectorEC
                0x20000ab0                UsageFaultVector
                0x20000ab0                DebugMonitorVector
                0x20000ab0                Vector40
                0x20000ab0                VectorF8
                0x20000ab0                VectorBC
                0x20000ab0                Vector148
                0x20000ab0                PendSVVector
                0x20000ab0                Vector118
                0x20000ab0                Vector64
                0x20000ab0                VectorCC
                0x20000ab0                Vector54
                0x20000ab0                Vector98
                0x20000ab0                Vector138
                0x20000ab0                Vector24
                0x20000ab0                Vector178
                0x20000ab0                BusFaultVector
                0x20000ab0                VectorD0
                0x20000ab0                Vector140
                0x20000ab0                VectorE4
                0x20000ab0                VectorC0
                0x20000ab0                HardFaultVector
                0x20000ab0                Vector134
                0x20000ab0                VectorF0
                0x20000ab0                Vector13C
                0x20000ab0                Vector100
                0x20000ab0                VectorE0
                0x20000ab0                VectorF4
                0x20000ab0                MemManageVector
                0x20000ab0                VectorC4
                0x20000ab0                Vector180
                0x20000ab0                Vector90
                0x20000ab0                Vector114
                0x20000ab0                Vector164
                0x20000ab0                Vector60
                0x20000ab0                Vector1C
                0x20000ab0                Vector17C
                0x20000ab0                Vector48
                0x20000ab0                Vector16C
                0x20000ab0                VectorD4
                0x20000ab0                Vector4C
                0x20000ab0                Vector144
                0x20000ab0                Vector15C
                0x20000ab0                Vector68
                0x20000ab0                _unhandled_exception
                0x20000ab0                Vector170
                0x20000ab0                Vector104
                0x20000ab0                Vector184
                0x20000ab0                Vector10C
                0x20000ab0                Vector14C
                0x20000ab0                Vector50
                0x20000ab0                Vector44
                0x20000ab0                Vector28
                0x20000ab0                Vector34
                0x20000ab0                VectorA4
                0x20000ab0                Vector20
                0x20000ab0                Vector174
 .text.SysTickVector
                0x20000ac0       0x20 C:/STM32v2/Objects/Ram/chcore_v7m.o
                0x20000ac0                SysTickVector
 .text.SVCallVector
                0x20000ae0       0x40 C:/STM32v2/Objects/Ram/chcore_v7m.o
                0x20000ae0                SVCallVector
 .text._port_init
                0x20000b20       0x40 C:/STM32v2/Objects/Ram/chcore_v7m.o
                0x20000b20                _port_init
 .text._port_irq_epilogue
                0x20000b60       0xc0 C:/STM32v2/Objects/Ram/chcore_v7m.o
                0x20000b60                _port_irq_epilogue
 .text._port_switch_from_isr
                0x20000c20       0x10 C:/STM32v2/Objects/Ram/chcore_v7m.o
                0x20000c20                _port_switch_from_isr
 .text._port_switch
                0x20000c30       0x20 C:/STM32v2/Objects/Ram/chcore_v7m.o
                0x20000c30                _port_switch
 .text._port_thread_start
                0x20000c50       0x10 C:/STM32v2/Objects/Ram/chcore_v7m.o
                0x20000c50                _port_thread_start
 .text.nvicEnableVector
                0x20000c60       0x80 C:/STM32v2/Objects/Ram/nvic.o
                0x20000c60                nvicEnableVector
 .text.nvicSetSystemHandlerPriority
                0x20000ce0       0x50 C:/STM32v2/Objects/Ram/nvic.o
                0x20000ce0                nvicSetSystemHandlerPriority
 .text._idle_thread
                0x20000d30       0x20 C:/STM32v2/Objects/Ram/chsys.o
                0x20000d30                _idle_thread
 .text.chSysInit
                0x20000d50       0x70 C:/STM32v2/Objects/Ram/chsys.o
                0x20000d50                chSysInit
 .text.chSysTimerHandlerI
                0x20000dc0       0x90 C:/STM32v2/Objects/Ram/chsys.o
                0x20000dc0                chSysTimerHandlerI
 .text._vt_init
                0x20000e50       0x30 C:/STM32v2/Objects/Ram/chvt.o
                0x20000e50                _vt_init
 .text.chVTSetI
                0x20000e80       0x90 C:/STM32v2/Objects/Ram/chvt.o
                0x20000e80                chVTSetI
 .text.chVTResetI
                0x20000f10       0x50 C:/STM32v2/Objects/Ram/chvt.o
                0x20000f10                chVTResetI
 .text.fifo_remove
                0x20000f60       0x30 C:/STM32v2/Objects/Ram/chschd.o
 .text.dequeue  0x20000f90       0x20 C:/STM32v2/Objects/Ram/chschd.o
 .text._scheduler_init
                0x20000fb0       0x30 C:/STM32v2/Objects/Ram/chschd.o
                0x20000fb0                _scheduler_init
 .text.chSchReadyI
                0x20000fe0       0x60 C:/STM32v2/Objects/Ram/chschd.o
                0x20000fe0                chSchReadyI
 .text.chSchGoSleepS
                0x20001040       0x50 C:/STM32v2/Objects/Ram/chschd.o
                0x20001040                chSchGoSleepS
 .text.wakeup   0x20001090       0x90 C:/STM32v2/Objects/Ram/chschd.o
 .text.chSchGoSleepTimeoutS
                0x20001120       0x60 C:/STM32v2/Objects/Ram/chschd.o
                0x20001120                chSchGoSleepTimeoutS
 .text.chSchWakeupS
                0x20001180       0x50 C:/STM32v2/Objects/Ram/chschd.o
                0x20001180                chSchWakeupS
 .text.chSchDoRescheduleBehind
                0x200011d0       0x40 C:/STM32v2/Objects/Ram/chschd.o
                0x200011d0                chSchDoRescheduleBehind
 .text.chSchDoRescheduleAhead
                0x20001210       0x70 C:/STM32v2/Objects/Ram/chschd.o
                0x20001210                chSchDoRescheduleAhead
 .text.chSchDoReschedule
                0x20001280       0x20 C:/STM32v2/Objects/Ram/chschd.o
                0x20001280                chSchDoReschedule
 .text.list_remove
                0x200012a0       0x20 C:/STM32v2/Objects/Ram/chthreads.o
 .text._thread_init
                0x200012c0       0x90 C:/STM32v2/Objects/Ram/chthreads.o
                0x200012c0                _thread_init
 .text.chThdCreateI
                0x20001350       0x70 C:/STM32v2/Objects/Ram/chthreads.o
                0x20001350                chThdCreateI
 .text.chThdCreateStatic
                0x200013c0       0x40 C:/STM32v2/Objects/Ram/chthreads.o
                0x200013c0                chThdCreateStatic
 .text.chThdSleep
                0x20001400       0x20 C:/STM32v2/Objects/Ram/chthreads.o
                0x20001400                chThdSleep
 .text.chThdExit
                0x20001420       0x20 C:/STM32v2/Objects/Ram/chthreads.o
                0x20001420                chThdExit
 .text.chThdExitS
                0x20001440       0x70 C:/STM32v2/Objects/Ram/chthreads.o
                0x20001440                chThdExitS
 .text.chMtxInit
                0x200014b0       0x20 C:/STM32v2/Objects/Ram/chmtx.o
                0x200014b0                chMtxInit
 .text.chEvtBroadcastFlagsI
                0x200014d0       0x40 C:/STM32v2/Objects/Ram/chevents.o
                0x200014d0                chEvtBroadcastFlagsI
 .text.chEvtSignalI
                0x20001510       0x60 C:/STM32v2/Objects/Ram/chevents.o
                0x20001510                chEvtSignalI
 .text.queue_insert
                0x20001570       0x30 C:/STM32v2/Objects/Ram/chqueues.o
 .text.fifo_remove
                0x200015a0       0x30 C:/STM32v2/Objects/Ram/chqueues.o
 .text.qwait    0x200015d0       0x40 C:/STM32v2/Objects/Ram/chqueues.o
 .text.chIQInit
                0x20001610       0x50 C:/STM32v2/Objects/Ram/chqueues.o
                0x20001610                chIQInit
 .text.chIQPutI
                0x20001660       0x90 C:/STM32v2/Objects/Ram/chqueues.o
                0x20001660                chIQPutI
 .text.chIQGetTimeout
                0x200016f0       0x90 C:/STM32v2/Objects/Ram/chqueues.o
                0x200016f0                chIQGetTimeout
 .text.chIQReadTimeout
                0x20001780       0xb0 C:/STM32v2/Objects/Ram/chqueues.o
                0x20001780                chIQReadTimeout
 .text.chOQInit
                0x20001830       0x50 C:/STM32v2/Objects/Ram/chqueues.o
                0x20001830                chOQInit
 .text.chOQPutTimeout
                0x20001880       0x90 C:/STM32v2/Objects/Ram/chqueues.o
                0x20001880                chOQPutTimeout
 .text.chOQGetI
                0x20001910       0x90 C:/STM32v2/Objects/Ram/chqueues.o
                0x20001910                chOQGetI
 .text.chOQWriteTimeout
                0x200019a0       0xb0 C:/STM32v2/Objects/Ram/chqueues.o
                0x200019a0                chOQWriteTimeout
 .text._core_init
                0x20001a50       0x30 C:/STM32v2/Objects/Ram/chmemcore.o
                0x20001a50                _core_init
 .text.chCoreAlloc
                0x20001a80       0x30 C:/STM32v2/Objects/Ram/chmemcore.o
                0x20001a80                chCoreAlloc
 .text.chCoreAllocI
                0x20001ab0       0x50 C:/STM32v2/Objects/Ram/chmemcore.o
                0x20001ab0                chCoreAllocI
 .text._heap_init
                0x20001b00       0x30 C:/STM32v2/Objects/Ram/chheap.o
                0x20001b00                _heap_init
 .text.halInit  0x20001b30       0x30 C:/STM32v2/Objects/Ram/hal.o
                0x20001b30                halInit
 .text.adcInit  0x20001b60       0x10 C:/STM32v2/Objects/Ram/adc.o
                0x20001b60                adcInit
 .text.adcObjectInit
                0x20001b70       0x40 C:/STM32v2/Objects/Ram/adc.o
                0x20001b70                adcObjectInit
 .text.gptInit  0x20001bb0       0x10 C:/STM32v2/Objects/Ram/gpt.o
                0x20001bb0                gptInit
 .text.gptObjectInit
                0x20001bc0       0x20 C:/STM32v2/Objects/Ram/gpt.o
                0x20001bc0                gptObjectInit
 .text.gptStart
                0x20001be0       0x50 C:/STM32v2/Objects/Ram/gpt.o
                0x20001be0                gptStart
 .text.gptPolledDelay
                0x20001c30       0x30 C:/STM32v2/Objects/Ram/gpt.o
                0x20001c30                gptPolledDelay
 .text.pwmInit  0x20001c60       0x10 C:/STM32v2/Objects/Ram/pwm.o
                0x20001c60                pwmInit
 .text.pwmObjectInit
                0x20001c70       0x20 C:/STM32v2/Objects/Ram/pwm.o
                0x20001c70                pwmObjectInit
 .text.write    0x20001c90       0x30 C:/STM32v2/Objects/Ram/serial.o
 .text.read     0x20001cc0       0x30 C:/STM32v2/Objects/Ram/serial.o
 .text.put      0x20001cf0       0x30 C:/STM32v2/Objects/Ram/serial.o
 .text.get      0x20001d20       0x20 C:/STM32v2/Objects/Ram/serial.o
 .text.putt     0x20001d40       0x30 C:/STM32v2/Objects/Ram/serial.o
 .text.gett     0x20001d70       0x20 C:/STM32v2/Objects/Ram/serial.o
 .text.writet   0x20001d90       0x30 C:/STM32v2/Objects/Ram/serial.o
 .text.readt    0x20001dc0       0x30 C:/STM32v2/Objects/Ram/serial.o
 .text.sdInit   0x20001df0       0x10 C:/STM32v2/Objects/Ram/serial.o
                0x20001df0                sdInit
 .text.sdObjectInit
                0x20001e00       0x60 C:/STM32v2/Objects/Ram/serial.o
                0x20001e00                sdObjectInit
 .text.sdIncomingDataI
                0x20001e60       0x50 C:/STM32v2/Objects/Ram/serial.o
                0x20001e60                sdIncomingDataI
 .text.spiInit  0x20001eb0       0x10 C:/STM32v2/Objects/Ram/spi.o
                0x20001eb0                spiInit
 .text.spiObjectInit
                0x20001ec0       0x30 C:/STM32v2/Objects/Ram/spi.o
                0x20001ec0                spiObjectInit
 .text.Vector6C
                0x20001ef0       0x40 C:/STM32v2/Objects/Ram/stm32_dma.o
                0x20001ef0                Vector6C
 .text.Vector70
                0x20001f30       0x40 C:/STM32v2/Objects/Ram/stm32_dma.o
                0x20001f30                Vector70
 .text.Vector74
                0x20001f70       0x40 C:/STM32v2/Objects/Ram/stm32_dma.o
                0x20001f70                Vector74
 .text.Vector78
                0x20001fb0       0x40 C:/STM32v2/Objects/Ram/stm32_dma.o
                0x20001fb0                Vector78
 .text.Vector7C
                0x20001ff0       0x40 C:/STM32v2/Objects/Ram/stm32_dma.o
                0x20001ff0                Vector7C
 .text.Vector80
                0x20002030       0x40 C:/STM32v2/Objects/Ram/stm32_dma.o
                0x20002030                Vector80
 .text.Vector84
                0x20002070       0x40 C:/STM32v2/Objects/Ram/stm32_dma.o
                0x20002070                Vector84
 .text.VectorFC
                0x200020b0       0x40 C:/STM32v2/Objects/Ram/stm32_dma.o
                0x200020b0                VectorFC
 .text.Vector120
                0x200020f0       0x40 C:/STM32v2/Objects/Ram/stm32_dma.o
                0x200020f0                Vector120
 .text.Vector124
                0x20002130       0x40 C:/STM32v2/Objects/Ram/stm32_dma.o
                0x20002130                Vector124
 .text.Vector128
                0x20002170       0x40 C:/STM32v2/Objects/Ram/stm32_dma.o
                0x20002170                Vector128
 .text.Vector12C
                0x200021b0       0x40 C:/STM32v2/Objects/Ram/stm32_dma.o
                0x200021b0                Vector12C
 .text.Vector130
                0x200021f0       0x40 C:/STM32v2/Objects/Ram/stm32_dma.o
                0x200021f0                Vector130
 .text.Vector150
                0x20002230       0x40 C:/STM32v2/Objects/Ram/stm32_dma.o
                0x20002230                Vector150
 .text.Vector154
                0x20002270       0x40 C:/STM32v2/Objects/Ram/stm32_dma.o
                0x20002270                Vector154
 .text.Vector158
                0x200022b0       0x40 C:/STM32v2/Objects/Ram/stm32_dma.o
                0x200022b0                Vector158
 .text.dmaInit  0x200022f0       0x70 C:/STM32v2/Objects/Ram/stm32_dma.o
                0x200022f0                dmaInit
 .text.hal_lld_backup_domain_init
                0x20002360       0x40 C:/STM32v2/Objects/Ram/hal_lld.o
 .text.hal_lld_init
                0x200023a0       0xa0 C:/STM32v2/Objects/Ram/hal_lld.o
                0x200023a0                hal_lld_init
 .text.stm32_clock_init
                0x20002440      0x110 C:/STM32v2/Objects/Ram/hal_lld.o
                0x20002440                stm32_clock_init
 .text.Vector88
                0x20002550      0x140 C:/STM32v2/Objects/Ram/adc_lld.o
                0x20002550                Vector88
 .text.adc_lld_init
                0x20002690       0x60 C:/STM32v2/Objects/Ram/adc_lld.o
                0x20002690                adc_lld_init
 .text.adc_lld_stop_conversion
                0x200026f0       0x60 C:/STM32v2/Objects/Ram/adc_lld.o
                0x200026f0                adc_lld_stop_conversion
 .text.initgpio
                0x20002750       0x50 C:/STM32v2/Objects/Ram/pal_lld.o
 .text._pal_lld_init
                0x200027a0       0xc0 C:/STM32v2/Objects/Ram/pal_lld.o
                0x200027a0                _pal_lld_init
 .text.spi_lld_init
                0x20002860       0x90 C:/STM32v2/Objects/Ram/spi_lld.o
                0x20002860                spi_lld_init
 .text.gpt_lld_serve_interrupt
                0x200028f0       0x40 C:/STM32v2/Objects/Ram/gpt_lld.o
 .text.Vector108
                0x20002930       0x20 C:/STM32v2/Objects/Ram/gpt_lld.o
                0x20002930                Vector108
 .text.VectorA0
                0x20002950       0x20 C:/STM32v2/Objects/Ram/gpt_lld.o
                0x20002950                VectorA0
 .text.gpt_lld_init
                0x20002970       0x30 C:/STM32v2/Objects/Ram/gpt_lld.o
                0x20002970                gpt_lld_init
 .text.gpt_lld_start
                0x200029a0       0xe0 C:/STM32v2/Objects/Ram/gpt_lld.o
                0x200029a0                gpt_lld_start
 .text.gpt_lld_stop_timer
                0x20002a80       0x30 C:/STM32v2/Objects/Ram/gpt_lld.o
                0x20002a80                gpt_lld_stop_timer
 .text.gpt_lld_polled_delay
                0x20002ab0       0x40 C:/STM32v2/Objects/Ram/gpt_lld.o
                0x20002ab0                gpt_lld_polled_delay
 .text.pwm_lld_serve_interrupt
                0x20002af0       0xb0 C:/STM32v2/Objects/Ram/pwm_lld.o
 .text.VectorB0
                0x20002ba0       0x20 C:/STM32v2/Objects/Ram/pwm_lld.o
                0x20002ba0                VectorB0
 .text.VectorB4
                0x20002bc0       0x20 C:/STM32v2/Objects/Ram/pwm_lld.o
                0x20002bc0                VectorB4
 .text.VectorB8
                0x20002be0       0x20 C:/STM32v2/Objects/Ram/pwm_lld.o
                0x20002be0                VectorB8
 .text.pwm_lld_init
                0x20002c00       0x40 C:/STM32v2/Objects/Ram/pwm_lld.o
                0x20002c00                pwm_lld_init
 .text.set_error
                0x20002c40       0x80 C:/STM32v2/Objects/Ram/serial_lld.o
 .text.serve_interrupt
                0x20002cc0      0x140 C:/STM32v2/Objects/Ram/serial_lld.o
 .text.notify2  0x20002e00       0x20 C:/STM32v2/Objects/Ram/serial_lld.o
 .text.VectorD8
                0x20002e20       0x20 C:/STM32v2/Objects/Ram/serial_lld.o
                0x20002e20                VectorD8
 .text.sd_lld_init
                0x20002e40       0x20 C:/STM32v2/Objects/Ram/serial_lld.o
                0x20002e40                sd_lld_init
 .text.__early_init
                0x20002e60       0x10 C:/STM32v2/Objects/Ram/board.o
                0x20002e60                __early_init
 .text.boardInit
                0x20002e70       0x10 C:/STM32v2/Objects/Ram/board.o
                0x20002e70                boardInit
 *(.rodata)
 .rodata        0x20002e80        0x8 build/obj/lcd.o
 *fill*         0x20002e88        0x8 
 .rodata        0x20002e90        0x4 build/obj/main.o
 *fill*         0x20002e94        0xc 
 .rodata        0x20002ea0        0x8 C:/STM32v2/Objects/Ram/chsys.o
 *(.rodata.*)
 *fill*         0x20002ea8        0x8 
 .rodata.gpt5cfg
                0x20002eb0        0xc build/obj/Base.o
 *fill*         0x20002ebc        0x4 
 .rodata.gpt9cfg
                0x20002ec0        0xc build/obj/Base.o
 *fill*         0x20002ecc        0x4 
 .rodata.ch_debug
                0x20002ed0       0x18 C:/STM32v2/Objects/Ram/chregistry.o
                0x20002ed0                ch_debug
 *fill*         0x20002ee8        0x8 
 .rodata.vmt    0x20002ef0       0x20 C:/STM32v2/Objects/Ram/serial.o
 .rodata._stm32_dma_streams
                0x20002f10       0xc0 C:/STM32v2/Objects/Ram/stm32_dma.o
                0x20002f10                _stm32_dma_streams
 .rodata.pal_default_config
                0x20002fd0       0xfc C:/STM32v2/Objects/Ram/board.o
                0x20002fd0                pal_default_config
 *(.glue_7t)
 .glue_7t       0x00000000        0x0 linker stubs
 *(.glue_7)
 .glue_7        0x00000000        0x0 linker stubs
 *(.gcc*)

.vfp11_veneer   0x200030cc        0x0
 .vfp11_veneer  0x00000000        0x0 linker stubs

.v4_bx          0x200030cc        0x0
 .v4_bx         0x00000000        0x0 linker stubs

.iplt           0x200030cc        0x0
 .iplt          0x00000000        0x0 build/obj/Base.o

.rel.dyn        0x200030cc        0x0
 .rel.iplt      0x00000000        0x0 build/obj/Base.o

.ARM.extab
 *(.ARM.extab* .gnu.linkonce.armextab.*)

.ARM.exidx      0x200030cc        0x0
                0x200030cc                PROVIDE (__exidx_start, .)
 *(.ARM.exidx* .gnu.linkonce.armexidx.*)
                0x200030cc                PROVIDE (__exidx_end, .)

.eh_frame_hdr
 *(.eh_frame_hdr)

.eh_frame
 *(.eh_frame)

.textalign      0x200030cc        0x4
                0x200030d0                . = ALIGN (0x8)
 *fill*         0x200030cc        0x4 
                0x200030d0                . = ALIGN (0x4)
                0x200030d0                _etext = .
                0x200030d0                _textdata = _etext

.stacks         0x20010000      0x800
                0x20010000                . = ALIGN (0x8)
                0x20010000                __main_stack_base__ = .
                0x20010400                . = (. + __main_stack_size__)
 *fill*         0x20010000      0x400 
                0x20010400                . = ALIGN (0x8)
                0x20010400                __main_stack_end__ = .
                0x20010400                __process_stack_base__ = .
                0x20010400                __main_thread_stack_base__ = .
                0x20010800                . = (. + __process_stack_size__)
 *fill*         0x20010400      0x400 
                0x20010800                . = ALIGN (0x8)
                0x20010800                __process_stack_end__ = .
                0x20010800                __main_thread_stack_end__ = .

.data           0x20010800        0x0 load address 0x200030d0
                0x20010800                . = ALIGN (0x4)
                0x20010800                PROVIDE (_data, .)
 *(.data)
                0x20010800                . = ALIGN (0x4)
 *(.data.*)
                0x20010800                . = ALIGN (0x4)
 *(.ramtext)
                0x20010800                . = ALIGN (0x4)
                0x20010800                PROVIDE (_edata, .)

.igot.plt       0x20010800        0x0 load address 0x200030d0
 .igot.plt      0x00000000        0x0 build/obj/Base.o

.bss            0x20010800      0x3fc load address 0x200030d0
                0x20010800                . = ALIGN (0x4)
                0x20010800                PROVIDE (_bss_start, .)
 *(.bss)
                0x20010800                . = ALIGN (0x4)
 *(.bss.*)
 .bss._idle_thread_wa
                0x20010800      0x140 C:/STM32v2/Objects/Ram/chsys.o
                0x20010800                _idle_thread_wa
 .bss.mainthread.4827
                0x20010940       0x44 C:/STM32v2/Objects/Ram/chsys.o
 .bss.vtlist    0x20010984       0x10 C:/STM32v2/Objects/Ram/chvt.o
                0x20010984                vtlist
 .bss.rlist     0x20010994       0x1c C:/STM32v2/Objects/Ram/chschd.o
                0x20010994                rlist
 .bss.nextmem   0x200109b0        0x4 C:/STM32v2/Objects/Ram/chmemcore.o
 .bss.endmem    0x200109b4        0x4 C:/STM32v2/Objects/Ram/chmemcore.o
 .bss.default_heap
                0x200109b8       0x20 C:/STM32v2/Objects/Ram/chheap.o
 .bss.dma_streams_mask
                0x200109d8        0x4 C:/STM32v2/Objects/Ram/stm32_dma.o
 .bss.dma_isr_redir
                0x200109dc       0x80 C:/STM32v2/Objects/Ram/stm32_dma.o
 .bss.ADCD1     0x20010a5c       0x34 C:/STM32v2/Objects/Ram/adc_lld.o
                0x20010a5c                ADCD1
 .bss.ADCD2     0x20010a90       0x34 C:/STM32v2/Objects/Ram/adc_lld.o
                0x20010a90                ADCD2
 .bss.SPID1     0x20010ac4       0x30 C:/STM32v2/Objects/Ram/spi_lld.o
                0x20010ac4                SPID1
 .bss.SPID2     0x20010af4       0x30 C:/STM32v2/Objects/Ram/spi_lld.o
                0x20010af4                SPID2
 .bss.dummytx   0x20010b24        0x2 C:/STM32v2/Objects/Ram/spi_lld.o
 *fill*         0x20010b26        0x2 
 .bss.GPTD5     0x20010b28       0x10 C:/STM32v2/Objects/Ram/gpt_lld.o
                0x20010b28                GPTD5
 .bss.GPTD9     0x20010b38       0x10 C:/STM32v2/Objects/Ram/gpt_lld.o
                0x20010b38                GPTD9
 .bss.PWMD2     0x20010b48       0x14 C:/STM32v2/Objects/Ram/pwm_lld.o
                0x20010b48                PWMD2
 .bss.PWMD3     0x20010b5c       0x14 C:/STM32v2/Objects/Ram/pwm_lld.o
                0x20010b5c                PWMD3
 .bss.PWMD4     0x20010b70       0x14 C:/STM32v2/Objects/Ram/pwm_lld.o
                0x20010b70                PWMD4
 .bss.SD2       0x20010b84       0x78 C:/STM32v2/Objects/Ram/serial_lld.o
                0x20010b84                SD2
                0x20010bfc                . = ALIGN (0x4)
 *(COMMON)
                0x20010bfc                . = ALIGN (0x4)
                0x20010bfc                PROVIDE (_bss_end, .)
                0x20010bfc                PROVIDE (end, .)
                0x20010bfc                _end = .
                0x20010bfc                __heap_base__ = _end
                0x2001c000                __heap_end__ = __ram_end__
OUTPUT(build/ch.elf elf32-littlearm)

.debug_info     0x00000000     0xf79d
 .debug_info    0x00000000      0x3a7 build/obj/Base.o
 .debug_info    0x000003a7      0x3d6 build/obj/lcd.o
 .debug_info    0x0000077d      0x595 build/obj/accel.o
 .debug_info    0x00000d12      0x1b8 build/obj/main.o
 .debug_info    0x00000eca      0x295 C:/STM32v2/Objects/Ram/crt0.o
 .debug_info    0x0000115f      0x1c9 C:/STM32v2/Objects/Ram/vectors.o
 .debug_info    0x00001328      0x972 C:/STM32v2/Objects/Ram/chcore_v7m.o
 .debug_info    0x00001c9a      0x3fa C:/STM32v2/Objects/Ram/nvic.o
 .debug_info    0x00002094      0x7f3 C:/STM32v2/Objects/Ram/chsys.o
 .debug_info    0x00002887      0x1ff C:/STM32v2/Objects/Ram/chvt.o
 .debug_info    0x00002a86      0x7ee C:/STM32v2/Objects/Ram/chschd.o
 .debug_info    0x00003274      0xa66 C:/STM32v2/Objects/Ram/chthreads.o
 .debug_info    0x00003cda      0x6b6 C:/STM32v2/Objects/Ram/chregistry.o
 .debug_info    0x00004390      0x85d C:/STM32v2/Objects/Ram/chmtx.o
 .debug_info    0x00004bed      0xcde C:/STM32v2/Objects/Ram/chevents.o
 .debug_info    0x000058cb      0xac6 C:/STM32v2/Objects/Ram/chqueues.o
 .debug_info    0x00006391      0x1da C:/STM32v2/Objects/Ram/chmemcore.o
 .debug_info    0x0000656b      0x6c7 C:/STM32v2/Objects/Ram/chheap.o
 .debug_info    0x00006c32      0x2ed C:/STM32v2/Objects/Ram/hal.o
 .debug_info    0x00006f1f      0xc7e C:/STM32v2/Objects/Ram/adc.o
 .debug_info    0x00007b9d      0x62e C:/STM32v2/Objects/Ram/gpt.o
 .debug_info    0x000081cb      0x5c9 C:/STM32v2/Objects/Ram/pwm.o
 .debug_info    0x00008794      0xc8a C:/STM32v2/Objects/Ram/serial.o
 .debug_info    0x0000941e      0xe70 C:/STM32v2/Objects/Ram/spi.o
 .debug_info    0x0000a28e      0x98c C:/STM32v2/Objects/Ram/stm32_dma.o
 .debug_info    0x0000ac1a      0x471 C:/STM32v2/Objects/Ram/hal_lld.o
 .debug_info    0x0000b08b     0x1060 C:/STM32v2/Objects/Ram/adc_lld.o
 .debug_info    0x0000c0eb      0x5b5 C:/STM32v2/Objects/Ram/pal_lld.o
 .debug_info    0x0000c6a0      0xdb2 C:/STM32v2/Objects/Ram/spi_lld.o
 .debug_info    0x0000d452      0x87c C:/STM32v2/Objects/Ram/gpt_lld.o
 .debug_info    0x0000dcce      0x945 C:/STM32v2/Objects/Ram/pwm_lld.o
 .debug_info    0x0000e613      0xfb0 C:/STM32v2/Objects/Ram/serial_lld.o
 .debug_info    0x0000f5c3      0x1da C:/STM32v2/Objects/Ram/board.o

.debug_abbrev   0x00000000     0x32eb
 .debug_abbrev  0x00000000      0x12e build/obj/Base.o
 .debug_abbrev  0x0000012e      0x14f build/obj/lcd.o
 .debug_abbrev  0x0000027d      0x173 build/obj/accel.o
 .debug_abbrev  0x000003f0       0xcd build/obj/main.o
 .debug_abbrev  0x000004bd       0xc3 C:/STM32v2/Objects/Ram/crt0.o
 .debug_abbrev  0x00000580       0xad C:/STM32v2/Objects/Ram/vectors.o
 .debug_abbrev  0x0000062d      0x1ad C:/STM32v2/Objects/Ram/chcore_v7m.o
 .debug_abbrev  0x000007da      0x10c C:/STM32v2/Objects/Ram/nvic.o
 .debug_abbrev  0x000008e6      0x189 C:/STM32v2/Objects/Ram/chsys.o
 .debug_abbrev  0x00000a6f       0xf7 C:/STM32v2/Objects/Ram/chvt.o
 .debug_abbrev  0x00000b66      0x215 C:/STM32v2/Objects/Ram/chschd.o
 .debug_abbrev  0x00000d7b      0x228 C:/STM32v2/Objects/Ram/chthreads.o
 .debug_abbrev  0x00000fa3      0x15c C:/STM32v2/Objects/Ram/chregistry.o
 .debug_abbrev  0x000010ff      0x1f3 C:/STM32v2/Objects/Ram/chmtx.o
 .debug_abbrev  0x000012f2      0x20d C:/STM32v2/Objects/Ram/chevents.o
 .debug_abbrev  0x000014ff      0x239 C:/STM32v2/Objects/Ram/chqueues.o
 .debug_abbrev  0x00001738      0x111 C:/STM32v2/Objects/Ram/chmemcore.o
 .debug_abbrev  0x00001849      0x176 C:/STM32v2/Objects/Ram/chheap.o
 .debug_abbrev  0x000019bf      0x132 C:/STM32v2/Objects/Ram/hal.o
 .debug_abbrev  0x00001af1      0x1fb C:/STM32v2/Objects/Ram/adc.o
 .debug_abbrev  0x00001cec      0x183 C:/STM32v2/Objects/Ram/gpt.o
 .debug_abbrev  0x00001e6f      0x15a C:/STM32v2/Objects/Ram/pwm.o
 .debug_abbrev  0x00001fc9      0x205 C:/STM32v2/Objects/Ram/serial.o
 .debug_abbrev  0x000021ce      0x202 C:/STM32v2/Objects/Ram/spi.o
 .debug_abbrev  0x000023d0      0x1a9 C:/STM32v2/Objects/Ram/stm32_dma.o
 .debug_abbrev  0x00002579      0x100 C:/STM32v2/Objects/Ram/hal_lld.o
 .debug_abbrev  0x00002679      0x259 C:/STM32v2/Objects/Ram/adc_lld.o
 .debug_abbrev  0x000028d2      0x16e C:/STM32v2/Objects/Ram/pal_lld.o
 .debug_abbrev  0x00002a40      0x248 C:/STM32v2/Objects/Ram/spi_lld.o
 .debug_abbrev  0x00002c88      0x1a5 C:/STM32v2/Objects/Ram/gpt_lld.o
 .debug_abbrev  0x00002e2d      0x1cc C:/STM32v2/Objects/Ram/pwm_lld.o
 .debug_abbrev  0x00002ff9      0x232 C:/STM32v2/Objects/Ram/serial_lld.o
 .debug_abbrev  0x0000322b       0xc0 C:/STM32v2/Objects/Ram/board.o

.debug_aranges  0x00000000      0xb30
 .debug_aranges
                0x00000000       0x30 build/obj/Base.o
 .debug_aranges
                0x00000030       0x70 build/obj/lcd.o
 .debug_aranges
                0x000000a0       0x38 build/obj/accel.o
 .debug_aranges
                0x000000d8       0x28 build/obj/main.o
 .debug_aranges
                0x00000100       0x38 C:/STM32v2/Objects/Ram/crt0.o
 .debug_aranges
                0x00000138       0x20 C:/STM32v2/Objects/Ram/vectors.o
 .debug_aranges
                0x00000158       0x50 C:/STM32v2/Objects/Ram/chcore_v7m.o
 .debug_aranges
                0x000001a8       0x30 C:/STM32v2/Objects/Ram/nvic.o
 .debug_aranges
                0x000001d8       0x30 C:/STM32v2/Objects/Ram/chsys.o
 .debug_aranges
                0x00000208       0x30 C:/STM32v2/Objects/Ram/chvt.o
 .debug_aranges
                0x00000238       0x78 C:/STM32v2/Objects/Ram/chschd.o
 .debug_aranges
                0x000002b0       0x88 C:/STM32v2/Objects/Ram/chthreads.o
 .debug_aranges
                0x00000338       0x28 C:/STM32v2/Objects/Ram/chregistry.o
 .debug_aranges
                0x00000360       0x70 C:/STM32v2/Objects/Ram/chmtx.o
 .debug_aranges
                0x000003d0       0xa0 C:/STM32v2/Objects/Ram/chevents.o
 .debug_aranges
                0x00000470       0x80 C:/STM32v2/Objects/Ram/chqueues.o
 .debug_aranges
                0x000004f0       0x38 C:/STM32v2/Objects/Ram/chmemcore.o
 .debug_aranges
                0x00000528       0x40 C:/STM32v2/Objects/Ram/chheap.o
 .debug_aranges
                0x00000568       0x30 C:/STM32v2/Objects/Ram/hal.o
 .debug_aranges
                0x00000598       0x70 C:/STM32v2/Objects/Ram/adc.o
 .debug_aranges
                0x00000608       0x78 C:/STM32v2/Objects/Ram/gpt.o
 .debug_aranges
                0x00000680       0x50 C:/STM32v2/Objects/Ram/pwm.o
 .debug_aranges
                0x000006d0       0x88 C:/STM32v2/Objects/Ram/serial.o
 .debug_aranges
                0x00000758       0x98 C:/STM32v2/Objects/Ram/spi.o
 .debug_aranges
                0x000007f0       0xb0 C:/STM32v2/Objects/Ram/stm32_dma.o
 .debug_aranges
                0x000008a0       0x30 C:/STM32v2/Objects/Ram/hal_lld.o
 .debug_aranges
                0x000008d0       0x70 C:/STM32v2/Objects/Ram/adc_lld.o
 .debug_aranges
                0x00000940       0x30 C:/STM32v2/Objects/Ram/pal_lld.o
 .debug_aranges
                0x00000970       0x78 C:/STM32v2/Objects/Ram/spi_lld.o
 .debug_aranges
                0x000009e8       0x60 C:/STM32v2/Objects/Ram/gpt_lld.o
 .debug_aranges
                0x00000a48       0x60 C:/STM32v2/Objects/Ram/pwm_lld.o
 .debug_aranges
                0x00000aa8       0x60 C:/STM32v2/Objects/Ram/serial_lld.o
 .debug_aranges
                0x00000b08       0x28 C:/STM32v2/Objects/Ram/board.o

.debug_ranges   0x00000000      0x920
 .debug_ranges  0x00000000       0x20 build/obj/Base.o
 .debug_ranges  0x00000020       0x60 build/obj/lcd.o
 .debug_ranges  0x00000080       0x28 build/obj/accel.o
 .debug_ranges  0x000000a8       0x18 build/obj/main.o
 .debug_ranges  0x000000c0       0x28 C:/STM32v2/Objects/Ram/crt0.o
 .debug_ranges  0x000000e8       0x10 C:/STM32v2/Objects/Ram/vectors.o
 .debug_ranges  0x000000f8       0x40 C:/STM32v2/Objects/Ram/chcore_v7m.o
 .debug_ranges  0x00000138       0x20 C:/STM32v2/Objects/Ram/nvic.o
 .debug_ranges  0x00000158       0x20 C:/STM32v2/Objects/Ram/chsys.o
 .debug_ranges  0x00000178       0x20 C:/STM32v2/Objects/Ram/chvt.o
 .debug_ranges  0x00000198       0x68 C:/STM32v2/Objects/Ram/chschd.o
 .debug_ranges  0x00000200       0x78 C:/STM32v2/Objects/Ram/chthreads.o
 .debug_ranges  0x00000278       0x18 C:/STM32v2/Objects/Ram/chregistry.o
 .debug_ranges  0x00000290       0x60 C:/STM32v2/Objects/Ram/chmtx.o
 .debug_ranges  0x000002f0       0x90 C:/STM32v2/Objects/Ram/chevents.o
 .debug_ranges  0x00000380       0x70 C:/STM32v2/Objects/Ram/chqueues.o
 .debug_ranges  0x000003f0       0x28 C:/STM32v2/Objects/Ram/chmemcore.o
 .debug_ranges  0x00000418       0x30 C:/STM32v2/Objects/Ram/chheap.o
 .debug_ranges  0x00000448       0x20 C:/STM32v2/Objects/Ram/hal.o
 .debug_ranges  0x00000468       0x60 C:/STM32v2/Objects/Ram/adc.o
 .debug_ranges  0x000004c8       0x68 C:/STM32v2/Objects/Ram/gpt.o
 .debug_ranges  0x00000530       0x40 C:/STM32v2/Objects/Ram/pwm.o
 .debug_ranges  0x00000570       0x78 C:/STM32v2/Objects/Ram/serial.o
 .debug_ranges  0x000005e8       0x88 C:/STM32v2/Objects/Ram/spi.o
 .debug_ranges  0x00000670       0xa0 C:/STM32v2/Objects/Ram/stm32_dma.o
 .debug_ranges  0x00000710       0x20 C:/STM32v2/Objects/Ram/hal_lld.o
 .debug_ranges  0x00000730       0x60 C:/STM32v2/Objects/Ram/adc_lld.o
 .debug_ranges  0x00000790       0x20 C:/STM32v2/Objects/Ram/pal_lld.o
 .debug_ranges  0x000007b0       0x68 C:/STM32v2/Objects/Ram/spi_lld.o
 .debug_ranges  0x00000818       0x50 C:/STM32v2/Objects/Ram/gpt_lld.o
 .debug_ranges  0x00000868       0x50 C:/STM32v2/Objects/Ram/pwm_lld.o
 .debug_ranges  0x000008b8       0x50 C:/STM32v2/Objects/Ram/serial_lld.o
 .debug_ranges  0x00000908       0x18 C:/STM32v2/Objects/Ram/board.o

.debug_line     0x00000000     0x54f0
 .debug_line    0x00000000      0x1c9 build/obj/Base.o
 .debug_line    0x000001c9      0x270 build/obj/lcd.o
 .debug_line    0x00000439      0x257 build/obj/accel.o
 .debug_line    0x00000690      0x164 build/obj/main.o
 .debug_line    0x000007f4      0x169 C:/STM32v2/Objects/Ram/crt0.o
 .debug_line    0x0000095d       0xf0 C:/STM32v2/Objects/Ram/vectors.o
 .debug_line    0x00000a4d      0x23b C:/STM32v2/Objects/Ram/chcore_v7m.o
 .debug_line    0x00000c88      0x11b C:/STM32v2/Objects/Ram/nvic.o
 .debug_line    0x00000da3      0x1e1 C:/STM32v2/Objects/Ram/chsys.o
 .debug_line    0x00000f84      0x18a C:/STM32v2/Objects/Ram/chvt.o
 .debug_line    0x0000110e      0x2d4 C:/STM32v2/Objects/Ram/chschd.o
 .debug_line    0x000013e2      0x338 C:/STM32v2/Objects/Ram/chthreads.o
 .debug_line    0x0000171a      0x1f8 C:/STM32v2/Objects/Ram/chregistry.o
 .debug_line    0x00001912      0x2e7 C:/STM32v2/Objects/Ram/chmtx.o
 .debug_line    0x00001bf9      0x351 C:/STM32v2/Objects/Ram/chevents.o
 .debug_line    0x00001f4a      0x386 C:/STM32v2/Objects/Ram/chqueues.o
 .debug_line    0x000022d0      0x161 C:/STM32v2/Objects/Ram/chmemcore.o
 .debug_line    0x00002431      0x29c C:/STM32v2/Objects/Ram/chheap.o
 .debug_line    0x000026cd      0x283 C:/STM32v2/Objects/Ram/hal.o
 .debug_line    0x00002950      0x3d5 C:/STM32v2/Objects/Ram/adc.o
 .debug_line    0x00002d25      0x2b0 C:/STM32v2/Objects/Ram/gpt.o
 .debug_line    0x00002fd5      0x255 C:/STM32v2/Objects/Ram/pwm.o
 .debug_line    0x0000322a      0x3f5 C:/STM32v2/Objects/Ram/serial.o
 .debug_line    0x0000361f      0x4b3 C:/STM32v2/Objects/Ram/spi.o
 .debug_line    0x00003ad2      0x35c C:/STM32v2/Objects/Ram/stm32_dma.o
 .debug_line    0x00003e2e      0x1ff C:/STM32v2/Objects/Ram/hal_lld.o
 .debug_line    0x0000402d      0x407 C:/STM32v2/Objects/Ram/adc_lld.o
 .debug_line    0x00004434      0x1d9 C:/STM32v2/Objects/Ram/pal_lld.o
 .debug_line    0x0000460d      0x44d C:/STM32v2/Objects/Ram/spi_lld.o
 .debug_line    0x00004a5a      0x29e C:/STM32v2/Objects/Ram/gpt_lld.o
 .debug_line    0x00004cf8      0x2c6 C:/STM32v2/Objects/Ram/pwm_lld.o
 .debug_line    0x00004fbe      0x3a9 C:/STM32v2/Objects/Ram/serial_lld.o
 .debug_line    0x00005367      0x189 C:/STM32v2/Objects/Ram/board.o

.debug_str      0x00000000     0x2b34
 .debug_str     0x00000000      0x2c4 build/obj/Base.o
                                0x320 (size before relaxing)
 .debug_str     0x000002c4      0x127 build/obj/lcd.o
                                0x338 (size before relaxing)
 .debug_str     0x000003eb      0x192 build/obj/accel.o
                                0x3f2 (size before relaxing)
 .debug_str     0x0000057d       0x49 build/obj/main.o
                                0x22b (size before relaxing)
 .debug_str     0x000005c6      0x140 C:/STM32v2/Objects/Ram/crt0.o
                                0x303 (size before relaxing)
 .debug_str     0x00000706      0x149 C:/STM32v2/Objects/Ram/vectors.o
                                0x329 (size before relaxing)
 .debug_str     0x0000084f      0x2cc C:/STM32v2/Objects/Ram/chcore_v7m.o
                                0x4c5 (size before relaxing)
 .debug_str     0x00000b1b       0xce C:/STM32v2/Objects/Ram/nvic.o
                                0x2fb (size before relaxing)
 .debug_str     0x00000be9      0x1d9 C:/STM32v2/Objects/Ram/chsys.o
                                0x56c (size before relaxing)
 .debug_str     0x00000dc2       0x52 C:/STM32v2/Objects/Ram/chvt.o
                                0x27c (size before relaxing)
 .debug_str     0x00000e14      0x10a C:/STM32v2/Objects/Ram/chschd.o
                                0x4ca (size before relaxing)
 .debug_str     0x00000f1e       0xff C:/STM32v2/Objects/Ram/chthreads.o
                                0x4e4 (size before relaxing)
 .debug_str     0x0000101d       0x55 C:/STM32v2/Objects/Ram/chregistry.o
                                0x4cd (size before relaxing)
 .debug_str     0x00001072       0xa4 C:/STM32v2/Objects/Ram/chmtx.o
                                0x42e (size before relaxing)
 .debug_str     0x00001116      0x1cc C:/STM32v2/Objects/Ram/chevents.o
                                0x554 (size before relaxing)
 .debug_str     0x000012e2      0x139 C:/STM32v2/Objects/Ram/chqueues.o
                                0x4da (size before relaxing)
 .debug_str     0x0000141b       0x8e C:/STM32v2/Objects/Ram/chmemcore.o
                                0x271 (size before relaxing)
 .debug_str     0x000014a9       0xd1 C:/STM32v2/Objects/Ram/chheap.o
                                0x435 (size before relaxing)
 .debug_str     0x0000157a      0x140 C:/STM32v2/Objects/Ram/hal.o
                                0x339 (size before relaxing)
 .debug_str     0x000016ba      0x2bb C:/STM32v2/Objects/Ram/adc.o
                                0x67b (size before relaxing)
 .debug_str     0x00001975       0xec C:/STM32v2/Objects/Ram/gpt.o
                                0x3ac (size before relaxing)
 .debug_str     0x00001a61      0x112 C:/STM32v2/Objects/Ram/pwm.o
                                0x39e (size before relaxing)
 .debug_str     0x00001b73      0x11e C:/STM32v2/Objects/Ram/serial.o
                                0x5af (size before relaxing)
 .debug_str     0x00001c91      0x195 C:/STM32v2/Objects/Ram/spi.o
                                0x66f (size before relaxing)
 .debug_str     0x00001e26      0x68f C:/STM32v2/Objects/Ram/stm32_dma.o
                                0xa11 (size before relaxing)
 .debug_str     0x000024b5       0xde C:/STM32v2/Objects/Ram/hal_lld.o
                                0x41d (size before relaxing)
 .debug_str     0x00002593      0x140 C:/STM32v2/Objects/Ram/adc_lld.o
                                0xcf6 (size before relaxing)
 .debug_str     0x000026d3       0x98 C:/STM32v2/Objects/Ram/pal_lld.o
                                0x483 (size before relaxing)
 .debug_str     0x0000276b      0x135 C:/STM32v2/Objects/Ram/spi_lld.o
                                0x781 (size before relaxing)
 .debug_str     0x000028a0       0xcf C:/STM32v2/Objects/Ram/gpt_lld.o
                                0x9d7 (size before relaxing)
 .debug_str     0x0000296f       0xe1 C:/STM32v2/Objects/Ram/pwm_lld.o
                                0xa0c (size before relaxing)
 .debug_str     0x00002a50       0x9d C:/STM32v2/Objects/Ram/serial_lld.o
                                0xba3 (size before relaxing)
 .debug_str     0x00002aed       0x47 C:/STM32v2/Objects/Ram/board.o
                                0x2cc (size before relaxing)

.comment        0x00000000       0x70
 .comment       0x00000000       0x70 build/obj/Base.o
                                 0x71 (size before relaxing)
 .comment       0x00000000       0x71 build/obj/lcd.o
 .comment       0x00000000       0x71 build/obj/accel.o
 .comment       0x00000000       0x71 build/obj/main.o
 .comment       0x00000000       0x71 C:/STM32v2/Objects/Ram/crt0.o
 .comment       0x00000000       0x71 C:/STM32v2/Objects/Ram/vectors.o
 .comment       0x00000000       0x71 C:/STM32v2/Objects/Ram/chcore_v7m.o
 .comment       0x00000000       0x71 C:/STM32v2/Objects/Ram/nvic.o
 .comment       0x00000000       0x71 C:/STM32v2/Objects/Ram/chsys.o
 .comment       0x00000000       0x71 C:/STM32v2/Objects/Ram/chvt.o
 .comment       0x00000000       0x71 C:/STM32v2/Objects/Ram/chschd.o
 .comment       0x00000000       0x71 C:/STM32v2/Objects/Ram/chthreads.o
 .comment       0x00000000       0x71 C:/STM32v2/Objects/Ram/chregistry.o
 .comment       0x00000000       0x71 C:/STM32v2/Objects/Ram/chmtx.o
 .comment       0x00000000       0x71 C:/STM32v2/Objects/Ram/chevents.o
 .comment       0x00000000       0x71 C:/STM32v2/Objects/Ram/chqueues.o
 .comment       0x00000000       0x71 C:/STM32v2/Objects/Ram/chmemcore.o
 .comment       0x00000000       0x71 C:/STM32v2/Objects/Ram/chheap.o
 .comment       0x00000000       0x71 C:/STM32v2/Objects/Ram/hal.o
 .comment       0x00000000       0x71 C:/STM32v2/Objects/Ram/adc.o
 .comment       0x00000000       0x71 C:/STM32v2/Objects/Ram/gpt.o
 .comment       0x00000000       0x71 C:/STM32v2/Objects/Ram/pwm.o
 .comment       0x00000000       0x71 C:/STM32v2/Objects/Ram/serial.o
 .comment       0x00000000       0x71 C:/STM32v2/Objects/Ram/spi.o
 .comment       0x00000000       0x71 C:/STM32v2/Objects/Ram/stm32_dma.o
 .comment       0x00000000       0x71 C:/STM32v2/Objects/Ram/hal_lld.o
 .comment       0x00000000       0x71 C:/STM32v2/Objects/Ram/adc_lld.o
 .comment       0x00000000       0x71 C:/STM32v2/Objects/Ram/pal_lld.o
 .comment       0x00000000       0x71 C:/STM32v2/Objects/Ram/spi_lld.o
 .comment       0x00000000       0x71 C:/STM32v2/Objects/Ram/gpt_lld.o
 .comment       0x00000000       0x71 C:/STM32v2/Objects/Ram/pwm_lld.o
 .comment       0x00000000       0x71 C:/STM32v2/Objects/Ram/serial_lld.o
 .comment       0x00000000       0x71 C:/STM32v2/Objects/Ram/board.o

.ARM.attributes
                0x00000000       0x39
 .ARM.attributes
                0x00000000       0x39 build/obj/Base.o
 .ARM.attributes
                0x00000039       0x39 build/obj/lcd.o
 .ARM.attributes
                0x00000072       0x39 build/obj/accel.o
 .ARM.attributes
                0x000000ab       0x39 build/obj/main.o
 .ARM.attributes
                0x000000e4       0x39 C:/STM32v2/Objects/Ram/crt0.o
 .ARM.attributes
                0x0000011d       0x39 C:/STM32v2/Objects/Ram/vectors.o
 .ARM.attributes
                0x00000156       0x39 C:/STM32v2/Objects/Ram/chcore_v7m.o
 .ARM.attributes
                0x0000018f       0x39 C:/STM32v2/Objects/Ram/nvic.o
 .ARM.attributes
                0x000001c8       0x39 C:/STM32v2/Objects/Ram/chsys.o
 .ARM.attributes
                0x00000201       0x39 C:/STM32v2/Objects/Ram/chvt.o
 .ARM.attributes
                0x0000023a       0x39 C:/STM32v2/Objects/Ram/chschd.o
 .ARM.attributes
                0x00000273       0x39 C:/STM32v2/Objects/Ram/chthreads.o
 .ARM.attributes
                0x000002ac       0x39 C:/STM32v2/Objects/Ram/chregistry.o
 .ARM.attributes
                0x000002e5       0x39 C:/STM32v2/Objects/Ram/chmtx.o
 .ARM.attributes
                0x0000031e       0x39 C:/STM32v2/Objects/Ram/chevents.o
 .ARM.attributes
                0x00000357       0x39 C:/STM32v2/Objects/Ram/chqueues.o
 .ARM.attributes
                0x00000390       0x39 C:/STM32v2/Objects/Ram/chmemcore.o
 .ARM.attributes
                0x000003c9       0x39 C:/STM32v2/Objects/Ram/chheap.o
 .ARM.attributes
                0x00000402       0x39 C:/STM32v2/Objects/Ram/hal.o
 .ARM.attributes
                0x0000043b       0x39 C:/STM32v2/Objects/Ram/adc.o
 .ARM.attributes
                0x00000474       0x39 C:/STM32v2/Objects/Ram/gpt.o
 .ARM.attributes
                0x000004ad       0x39 C:/STM32v2/Objects/Ram/pwm.o
 .ARM.attributes
                0x000004e6       0x39 C:/STM32v2/Objects/Ram/serial.o
 .ARM.attributes
                0x0000051f       0x39 C:/STM32v2/Objects/Ram/spi.o
 .ARM.attributes
                0x00000558       0x39 C:/STM32v2/Objects/Ram/stm32_dma.o
 .ARM.attributes
                0x00000591       0x39 C:/STM32v2/Objects/Ram/hal_lld.o
 .ARM.attributes
                0x000005ca       0x39 C:/STM32v2/Objects/Ram/adc_lld.o
 .ARM.attributes
                0x00000603       0x39 C:/STM32v2/Objects/Ram/pal_lld.o
 .ARM.attributes
                0x0000063c       0x39 C:/STM32v2/Objects/Ram/spi_lld.o
 .ARM.attributes
                0x00000675       0x39 C:/STM32v2/Objects/Ram/gpt_lld.o
 .ARM.attributes
                0x000006ae       0x39 C:/STM32v2/Objects/Ram/pwm_lld.o
 .ARM.attributes
                0x000006e7       0x39 C:/STM32v2/Objects/Ram/serial_lld.o
 .ARM.attributes
                0x00000720       0x39 C:/STM32v2/Objects/Ram/board.o

.debug_frame    0x00000000     0x1bc8
 .debug_frame   0x00000000       0x64 build/obj/Base.o
 .debug_frame   0x00000064      0x134 build/obj/lcd.o
 .debug_frame   0x00000198       0x78 build/obj/accel.o
 .debug_frame   0x00000210       0x58 build/obj/main.o
 .debug_frame   0x00000268       0x50 C:/STM32v2/Objects/Ram/crt0.o
 .debug_frame   0x000002b8       0x20 C:/STM32v2/Objects/Ram/vectors.o
 .debug_frame   0x000002d8       0xa0 C:/STM32v2/Objects/Ram/chcore_v7m.o
 .debug_frame   0x00000378       0x64 C:/STM32v2/Objects/Ram/nvic.o
 .debug_frame   0x000003dc       0x5c C:/STM32v2/Objects/Ram/chsys.o
 .debug_frame   0x00000438       0x48 C:/STM32v2/Objects/Ram/chvt.o
 .debug_frame   0x00000480      0x13c C:/STM32v2/Objects/Ram/chschd.o
 .debug_frame   0x000005bc      0x178 C:/STM32v2/Objects/Ram/chthreads.o
 .debug_frame   0x00000734       0x40 C:/STM32v2/Objects/Ram/chregistry.o
 .debug_frame   0x00000774      0x11c C:/STM32v2/Objects/Ram/chmtx.o
 .debug_frame   0x00000890      0x1bc C:/STM32v2/Objects/Ram/chevents.o
 .debug_frame   0x00000a4c      0x15c C:/STM32v2/Objects/Ram/chqueues.o
 .debug_frame   0x00000ba8       0x60 C:/STM32v2/Objects/Ram/chmemcore.o
 .debug_frame   0x00000c08       0x9c C:/STM32v2/Objects/Ram/chheap.o
 .debug_frame   0x00000ca4       0x5c C:/STM32v2/Objects/Ram/hal.o
 .debug_frame   0x00000d00      0x144 C:/STM32v2/Objects/Ram/adc.o
 .debug_frame   0x00000e44      0x150 C:/STM32v2/Objects/Ram/gpt.o
 .debug_frame   0x00000f94       0xc4 C:/STM32v2/Objects/Ram/pwm.o
 .debug_frame   0x00001058      0x198 C:/STM32v2/Objects/Ram/serial.o
 .debug_frame   0x000011f0      0x1d0 C:/STM32v2/Objects/Ram/spi.o
 .debug_frame   0x000013c0      0x21c C:/STM32v2/Objects/Ram/stm32_dma.o
 .debug_frame   0x000015dc       0x4c C:/STM32v2/Objects/Ram/hal_lld.o
 .debug_frame   0x00001628      0x104 C:/STM32v2/Objects/Ram/adc_lld.o
 .debug_frame   0x0000172c       0x54 C:/STM32v2/Objects/Ram/pal_lld.o
 .debug_frame   0x00001780      0x128 C:/STM32v2/Objects/Ram/spi_lld.o
 .debug_frame   0x000018a8       0xf4 C:/STM32v2/Objects/Ram/gpt_lld.o
 .debug_frame   0x0000199c       0xfc C:/STM32v2/Objects/Ram/pwm_lld.o
 .debug_frame   0x00001a98       0xf4 C:/STM32v2/Objects/Ram/serial_lld.o
 .debug_frame   0x00001b8c       0x3c C:/STM32v2/Objects/Ram/board.o

Cross Reference Table

Symbol                                            File
ADCD1                                             C:/STM32v2/Objects/Ram/adc_lld.o
ADCD2                                             C:/STM32v2/Objects/Ram/adc_lld.o
BusFaultVector                                    C:/STM32v2/Objects/Ram/vectors.o
DebugMonitorVector                                C:/STM32v2/Objects/Ram/vectors.o
GPIO_ModePushPull                                 build/obj/lcd.o
GPTD5                                             C:/STM32v2/Objects/Ram/gpt_lld.o
                                                  build/obj/Base.o
GPTD9                                             C:/STM32v2/Objects/Ram/gpt_lld.o
                                                  build/obj/Base.o
HardFaultVector                                   C:/STM32v2/Objects/Ram/vectors.o
LCD_Backlight                                     build/obj/lcd.o
LCD_ClearDisplay                                  build/obj/lcd.o
                                                  build/obj/main.o
LCD_Config                                        build/obj/lcd.o
                                                  build/obj/main.o
LCD_CustomChar                                    build/obj/lcd.o
LCD_GotoXY                                        build/obj/lcd.o
                                                  build/obj/main.o
LCD_Init                                          build/obj/lcd.o
                                                  build/obj/main.o
LCD_SendChar                                      build/obj/lcd.o
LCD_SendString                                    build/obj/lcd.o
                                                  build/obj/main.o
MemManageVector                                   C:/STM32v2/Objects/Ram/vectors.o
NMIVector                                         C:/STM32v2/Objects/Ram/vectors.o
PWMD2                                             C:/STM32v2/Objects/Ram/pwm_lld.o
PWMD3                                             C:/STM32v2/Objects/Ram/pwm_lld.o
PWMD4                                             C:/STM32v2/Objects/Ram/pwm_lld.o
PendSVVector                                      C:/STM32v2/Objects/Ram/vectors.o
ResetHandler                                      C:/STM32v2/Objects/Ram/crt0.o
                                                  C:/STM32v2/Objects/Ram/vectors.o
SD2                                               C:/STM32v2/Objects/Ram/serial_lld.o
SPID1                                             C:/STM32v2/Objects/Ram/spi_lld.o
SPID2                                             C:/STM32v2/Objects/Ram/spi_lld.o
SVCallVector                                      C:/STM32v2/Objects/Ram/chcore_v7m.o
                                                  C:/STM32v2/Objects/Ram/vectors.o
SysTickVector                                     C:/STM32v2/Objects/Ram/chcore_v7m.o
                                                  C:/STM32v2/Objects/Ram/vectors.o
UsageFaultVector                                  C:/STM32v2/Objects/Ram/vectors.o
Vector100                                         C:/STM32v2/Objects/Ram/vectors.o
Vector104                                         C:/STM32v2/Objects/Ram/vectors.o
Vector108                                         C:/STM32v2/Objects/Ram/gpt_lld.o
                                                  C:/STM32v2/Objects/Ram/vectors.o
Vector10C                                         C:/STM32v2/Objects/Ram/vectors.o
Vector110                                         C:/STM32v2/Objects/Ram/vectors.o
Vector114                                         C:/STM32v2/Objects/Ram/vectors.o
Vector118                                         C:/STM32v2/Objects/Ram/vectors.o
Vector11C                                         C:/STM32v2/Objects/Ram/vectors.o
Vector120                                         C:/STM32v2/Objects/Ram/stm32_dma.o
                                                  C:/STM32v2/Objects/Ram/vectors.o
Vector124                                         C:/STM32v2/Objects/Ram/stm32_dma.o
                                                  C:/STM32v2/Objects/Ram/vectors.o
Vector128                                         C:/STM32v2/Objects/Ram/stm32_dma.o
                                                  C:/STM32v2/Objects/Ram/vectors.o
Vector12C                                         C:/STM32v2/Objects/Ram/stm32_dma.o
                                                  C:/STM32v2/Objects/Ram/vectors.o
Vector130                                         C:/STM32v2/Objects/Ram/stm32_dma.o
                                                  C:/STM32v2/Objects/Ram/vectors.o
Vector134                                         C:/STM32v2/Objects/Ram/vectors.o
Vector138                                         C:/STM32v2/Objects/Ram/vectors.o
Vector13C                                         C:/STM32v2/Objects/Ram/vectors.o
Vector140                                         C:/STM32v2/Objects/Ram/vectors.o
Vector144                                         C:/STM32v2/Objects/Ram/vectors.o
Vector148                                         C:/STM32v2/Objects/Ram/vectors.o
Vector14C                                         C:/STM32v2/Objects/Ram/vectors.o
Vector150                                         C:/STM32v2/Objects/Ram/stm32_dma.o
                                                  C:/STM32v2/Objects/Ram/vectors.o
Vector154                                         C:/STM32v2/Objects/Ram/stm32_dma.o
                                                  C:/STM32v2/Objects/Ram/vectors.o
Vector158                                         C:/STM32v2/Objects/Ram/stm32_dma.o
                                                  C:/STM32v2/Objects/Ram/vectors.o
Vector15C                                         C:/STM32v2/Objects/Ram/vectors.o
Vector160                                         C:/STM32v2/Objects/Ram/vectors.o
Vector164                                         C:/STM32v2/Objects/Ram/vectors.o
Vector168                                         C:/STM32v2/Objects/Ram/vectors.o
Vector16C                                         C:/STM32v2/Objects/Ram/vectors.o
Vector170                                         C:/STM32v2/Objects/Ram/vectors.o
Vector174                                         C:/STM32v2/Objects/Ram/vectors.o
Vector178                                         C:/STM32v2/Objects/Ram/vectors.o
Vector17C                                         C:/STM32v2/Objects/Ram/vectors.o
Vector180                                         C:/STM32v2/Objects/Ram/vectors.o
Vector184                                         C:/STM32v2/Objects/Ram/vectors.o
Vector1C                                          C:/STM32v2/Objects/Ram/vectors.o
Vector20                                          C:/STM32v2/Objects/Ram/vectors.o
Vector24                                          C:/STM32v2/Objects/Ram/vectors.o
Vector28                                          C:/STM32v2/Objects/Ram/vectors.o
Vector34                                          C:/STM32v2/Objects/Ram/vectors.o
Vector40                                          C:/STM32v2/Objects/Ram/vectors.o
Vector44                                          C:/STM32v2/Objects/Ram/vectors.o
Vector48                                          C:/STM32v2/Objects/Ram/vectors.o
Vector4C                                          C:/STM32v2/Objects/Ram/vectors.o
Vector50                                          C:/STM32v2/Objects/Ram/vectors.o
Vector54                                          C:/STM32v2/Objects/Ram/vectors.o
Vector58                                          C:/STM32v2/Objects/Ram/vectors.o
Vector5C                                          C:/STM32v2/Objects/Ram/vectors.o
Vector60                                          C:/STM32v2/Objects/Ram/vectors.o
Vector64                                          C:/STM32v2/Objects/Ram/vectors.o
Vector68                                          C:/STM32v2/Objects/Ram/vectors.o
Vector6C                                          C:/STM32v2/Objects/Ram/stm32_dma.o
                                                  C:/STM32v2/Objects/Ram/vectors.o
Vector70                                          C:/STM32v2/Objects/Ram/stm32_dma.o
                                                  C:/STM32v2/Objects/Ram/vectors.o
Vector74                                          C:/STM32v2/Objects/Ram/stm32_dma.o
                                                  C:/STM32v2/Objects/Ram/vectors.o
Vector78                                          C:/STM32v2/Objects/Ram/stm32_dma.o
                                                  C:/STM32v2/Objects/Ram/vectors.o
Vector7C                                          C:/STM32v2/Objects/Ram/stm32_dma.o
                                                  C:/STM32v2/Objects/Ram/vectors.o
Vector80                                          C:/STM32v2/Objects/Ram/stm32_dma.o
                                                  C:/STM32v2/Objects/Ram/vectors.o
Vector84                                          C:/STM32v2/Objects/Ram/stm32_dma.o
                                                  C:/STM32v2/Objects/Ram/vectors.o
Vector88                                          C:/STM32v2/Objects/Ram/adc_lld.o
                                                  C:/STM32v2/Objects/Ram/vectors.o
Vector8C                                          C:/STM32v2/Objects/Ram/vectors.o
Vector90                                          C:/STM32v2/Objects/Ram/vectors.o
Vector94                                          C:/STM32v2/Objects/Ram/vectors.o
Vector98                                          C:/STM32v2/Objects/Ram/vectors.o
Vector9C                                          C:/STM32v2/Objects/Ram/vectors.o
VectorA0                                          C:/STM32v2/Objects/Ram/gpt_lld.o
                                                  C:/STM32v2/Objects/Ram/vectors.o
VectorA4                                          C:/STM32v2/Objects/Ram/vectors.o
VectorA8                                          C:/STM32v2/Objects/Ram/vectors.o
VectorAC                                          C:/STM32v2/Objects/Ram/vectors.o
VectorB0                                          C:/STM32v2/Objects/Ram/pwm_lld.o
                                                  C:/STM32v2/Objects/Ram/vectors.o
VectorB4                                          C:/STM32v2/Objects/Ram/pwm_lld.o
                                                  C:/STM32v2/Objects/Ram/vectors.o
VectorB8                                          C:/STM32v2/Objects/Ram/pwm_lld.o
                                                  C:/STM32v2/Objects/Ram/vectors.o
VectorBC                                          C:/STM32v2/Objects/Ram/vectors.o
VectorC0                                          C:/STM32v2/Objects/Ram/vectors.o
VectorC4                                          C:/STM32v2/Objects/Ram/vectors.o
VectorC8                                          C:/STM32v2/Objects/Ram/vectors.o
VectorCC                                          C:/STM32v2/Objects/Ram/vectors.o
VectorD0                                          C:/STM32v2/Objects/Ram/vectors.o
VectorD4                                          C:/STM32v2/Objects/Ram/vectors.o
VectorD8                                          C:/STM32v2/Objects/Ram/serial_lld.o
                                                  C:/STM32v2/Objects/Ram/vectors.o
VectorDC                                          C:/STM32v2/Objects/Ram/vectors.o
VectorE0                                          C:/STM32v2/Objects/Ram/vectors.o
VectorE4                                          C:/STM32v2/Objects/Ram/vectors.o
VectorE8                                          C:/STM32v2/Objects/Ram/vectors.o
VectorEC                                          C:/STM32v2/Objects/Ram/vectors.o
VectorF0                                          C:/STM32v2/Objects/Ram/vectors.o
VectorF4                                          C:/STM32v2/Objects/Ram/vectors.o
VectorF8                                          C:/STM32v2/Objects/Ram/vectors.o
VectorFC                                          C:/STM32v2/Objects/Ram/stm32_dma.o
                                                  C:/STM32v2/Objects/Ram/vectors.o
__early_init                                      C:/STM32v2/Objects/Ram/board.o
                                                  C:/STM32v2/Objects/Ram/crt0.o
__fini_array_end                                  C:/STM32v2/Objects/Ram/crt0.o
__fini_array_start                                C:/STM32v2/Objects/Ram/crt0.o
__heap_base__                                     C:/STM32v2/Objects/Ram/chmemcore.o
__heap_end__                                      C:/STM32v2/Objects/Ram/chmemcore.o
__init_array_end                                  C:/STM32v2/Objects/Ram/crt0.o
__init_array_start                                C:/STM32v2/Objects/Ram/crt0.o
__late_init                                       C:/STM32v2/Objects/Ram/crt0.o
__main_stack_base__                               C:/STM32v2/Objects/Ram/crt0.o
__main_stack_end__                                C:/STM32v2/Objects/Ram/vectors.o
                                                  C:/STM32v2/Objects/Ram/crt0.o
__process_stack_base__                            C:/STM32v2/Objects/Ram/crt0.o
__process_stack_end__                             C:/STM32v2/Objects/Ram/crt0.o
_bss_end                                          C:/STM32v2/Objects/Ram/crt0.o
_bss_start                                        C:/STM32v2/Objects/Ram/crt0.o
_core_init                                        C:/STM32v2/Objects/Ram/chmemcore.o
                                                  C:/STM32v2/Objects/Ram/chsys.o
_data                                             C:/STM32v2/Objects/Ram/crt0.o
_default_exit                                     C:/STM32v2/Objects/Ram/crt0.o
_edata                                            C:/STM32v2/Objects/Ram/crt0.o
_heap_init                                        C:/STM32v2/Objects/Ram/chheap.o
                                                  C:/STM32v2/Objects/Ram/chsys.o
_idle_thread                                      C:/STM32v2/Objects/Ram/chsys.o
_idle_thread_wa                                   C:/STM32v2/Objects/Ram/chsys.o
_pal_lld_init                                     C:/STM32v2/Objects/Ram/pal_lld.o
                                                  C:/STM32v2/Objects/Ram/hal.o
_pal_lld_setgroupmode                             C:/STM32v2/Objects/Ram/pal_lld.o
                                                  C:/STM32v2/Objects/Ram/pal.o
_port_init                                        C:/STM32v2/Objects/Ram/chcore_v7m.o
                                                  C:/STM32v2/Objects/Ram/chsys.o
_port_irq_epilogue                                C:/STM32v2/Objects/Ram/chcore_v7m.o
                                                  C:/STM32v2/Objects/Ram/serial_lld.o
                                                  C:/STM32v2/Objects/Ram/pwm_lld.o
                                                  C:/STM32v2/Objects/Ram/gpt_lld.o
                                                  C:/STM32v2/Objects/Ram/adc_lld.o
                                                  C:/STM32v2/Objects/Ram/stm32_dma.o
_port_switch                                      C:/STM32v2/Objects/Ram/chcore_v7m.o
                                                  C:/STM32v2/Objects/Ram/chschd.o
_port_switch_from_isr                             C:/STM32v2/Objects/Ram/chcore_v7m.o
_port_thread_start                                C:/STM32v2/Objects/Ram/chcore_v7m.o
                                                  C:/STM32v2/Objects/Ram/chthreads.o
_scheduler_init                                   C:/STM32v2/Objects/Ram/chschd.o
                                                  C:/STM32v2/Objects/Ram/chsys.o
_stm32_dma_streams                                C:/STM32v2/Objects/Ram/stm32_dma.o
                                                  C:/STM32v2/Objects/Ram/spi_lld.o
                                                  C:/STM32v2/Objects/Ram/adc_lld.o
_textdata                                         C:/STM32v2/Objects/Ram/crt0.o
_thread_init                                      C:/STM32v2/Objects/Ram/chthreads.o
                                                  C:/STM32v2/Objects/Ram/chsys.o
_unhandled_exception                              C:/STM32v2/Objects/Ram/vectors.o
_vectors                                          C:/STM32v2/Objects/Ram/vectors.o
_vt_init                                          C:/STM32v2/Objects/Ram/chvt.o
                                                  C:/STM32v2/Objects/Ram/chsys.o
adcAcquireBus                                     C:/STM32v2/Objects/Ram/adc.o
adcConvert                                        C:/STM32v2/Objects/Ram/adc.o
adcInit                                           C:/STM32v2/Objects/Ram/adc.o
                                                  C:/STM32v2/Objects/Ram/hal.o
adcObjectInit                                     C:/STM32v2/Objects/Ram/adc.o
                                                  C:/STM32v2/Objects/Ram/adc_lld.o
adcReleaseBus                                     C:/STM32v2/Objects/Ram/adc.o
adcSTM32DisableTSVREFE                            C:/STM32v2/Objects/Ram/adc_lld.o
adcSTM32DisableVBATE                              C:/STM32v2/Objects/Ram/adc_lld.o
adcSTM32EnableTSVREFE                             C:/STM32v2/Objects/Ram/adc_lld.o
adcSTM32EnableVBATE                               C:/STM32v2/Objects/Ram/adc_lld.o
adcStart                                          C:/STM32v2/Objects/Ram/adc.o
adcStartConversion                                C:/STM32v2/Objects/Ram/adc.o
adcStartConversionI                               C:/STM32v2/Objects/Ram/adc.o
adcStop                                           C:/STM32v2/Objects/Ram/adc.o
adcStopConversion                                 C:/STM32v2/Objects/Ram/adc.o
adcStopConversionI                                C:/STM32v2/Objects/Ram/adc.o
adc_lld_init                                      C:/STM32v2/Objects/Ram/adc_lld.o
                                                  C:/STM32v2/Objects/Ram/adc.o
adc_lld_start                                     C:/STM32v2/Objects/Ram/adc_lld.o
                                                  C:/STM32v2/Objects/Ram/adc.o
adc_lld_start_conversion                          C:/STM32v2/Objects/Ram/adc_lld.o
                                                  C:/STM32v2/Objects/Ram/adc.o
adc_lld_stop                                      C:/STM32v2/Objects/Ram/adc_lld.o
                                                  C:/STM32v2/Objects/Ram/adc.o
adc_lld_stop_conversion                           C:/STM32v2/Objects/Ram/adc_lld.o
                                                  C:/STM32v2/Objects/Ram/adc.o
baseInit                                          build/obj/Base.o
                                                  build/obj/main.o
boardInit                                         C:/STM32v2/Objects/Ram/board.o
                                                  C:/STM32v2/Objects/Ram/hal.o
chCondBroadcast                                   C:/STM32v2/Objects/Ram/chcond.o
chCondBroadcastI                                  C:/STM32v2/Objects/Ram/chcond.o
chCondInit                                        C:/STM32v2/Objects/Ram/chcond.o
chCondSignal                                      C:/STM32v2/Objects/Ram/chcond.o
chCondSignalI                                     C:/STM32v2/Objects/Ram/chcond.o
chCondWait                                        C:/STM32v2/Objects/Ram/chcond.o
chCondWaitS                                       C:/STM32v2/Objects/Ram/chcond.o
chCondWaitTimeout                                 C:/STM32v2/Objects/Ram/chcond.o
chCondWaitTimeoutS                                C:/STM32v2/Objects/Ram/chcond.o
chCoreAlloc                                       C:/STM32v2/Objects/Ram/chmemcore.o
                                                  C:/STM32v2/Objects/Ram/chheap.o
chCoreAllocI                                      C:/STM32v2/Objects/Ram/chmemcore.o
chCoreStatus                                      C:/STM32v2/Objects/Ram/chmemcore.o
chEvtAddEvents                                    C:/STM32v2/Objects/Ram/chevents.o
chEvtBroadcastFlags                               C:/STM32v2/Objects/Ram/chevents.o
chEvtBroadcastFlagsI                              C:/STM32v2/Objects/Ram/chevents.o
                                                  C:/STM32v2/Objects/Ram/serial_lld.o
                                                  C:/STM32v2/Objects/Ram/serial.o
chEvtDispatch                                     C:/STM32v2/Objects/Ram/chevents.o
chEvtGetAndClearEvents                            C:/STM32v2/Objects/Ram/chevents.o
chEvtGetAndClearFlags                             C:/STM32v2/Objects/Ram/chevents.o
chEvtGetAndClearFlagsI                            C:/STM32v2/Objects/Ram/chevents.o
chEvtRegisterMask                                 C:/STM32v2/Objects/Ram/chevents.o
chEvtSignal                                       C:/STM32v2/Objects/Ram/chevents.o
chEvtSignalI                                      C:/STM32v2/Objects/Ram/chevents.o
chEvtUnregister                                   C:/STM32v2/Objects/Ram/chevents.o
chEvtWaitAll                                      C:/STM32v2/Objects/Ram/chevents.o
chEvtWaitAllTimeout                               C:/STM32v2/Objects/Ram/chevents.o
chEvtWaitAny                                      C:/STM32v2/Objects/Ram/chevents.o
chEvtWaitAnyTimeout                               C:/STM32v2/Objects/Ram/chevents.o
chEvtWaitOne                                      C:/STM32v2/Objects/Ram/chevents.o
chEvtWaitOneTimeout                               C:/STM32v2/Objects/Ram/chevents.o
chHeapAlloc                                       C:/STM32v2/Objects/Ram/chheap.o
                                                  C:/STM32v2/Objects/Ram/chdynamic.o
chHeapFree                                        C:/STM32v2/Objects/Ram/chheap.o
                                                  C:/STM32v2/Objects/Ram/chdynamic.o
chHeapInit                                        C:/STM32v2/Objects/Ram/chheap.o
chHeapStatus                                      C:/STM32v2/Objects/Ram/chheap.o
chIQGetTimeout                                    C:/STM32v2/Objects/Ram/chqueues.o
                                                  C:/STM32v2/Objects/Ram/serial.o
chIQInit                                          C:/STM32v2/Objects/Ram/chqueues.o
                                                  C:/STM32v2/Objects/Ram/serial.o
chIQPutI                                          C:/STM32v2/Objects/Ram/chqueues.o
                                                  C:/STM32v2/Objects/Ram/serial.o
chIQReadTimeout                                   C:/STM32v2/Objects/Ram/chqueues.o
                                                  C:/STM32v2/Objects/Ram/serial.o
chIQResetI                                        C:/STM32v2/Objects/Ram/chqueues.o
                                                  C:/STM32v2/Objects/Ram/serial.o
chMBFetch                                         C:/STM32v2/Objects/Ram/chmboxes.o
chMBFetchI                                        C:/STM32v2/Objects/Ram/chmboxes.o
chMBFetchS                                        C:/STM32v2/Objects/Ram/chmboxes.o
chMBInit                                          C:/STM32v2/Objects/Ram/chmboxes.o
chMBPost                                          C:/STM32v2/Objects/Ram/chmboxes.o
chMBPostAhead                                     C:/STM32v2/Objects/Ram/chmboxes.o
chMBPostAheadI                                    C:/STM32v2/Objects/Ram/chmboxes.o
chMBPostAheadS                                    C:/STM32v2/Objects/Ram/chmboxes.o
chMBPostI                                         C:/STM32v2/Objects/Ram/chmboxes.o
chMBPostS                                         C:/STM32v2/Objects/Ram/chmboxes.o
chMBReset                                         C:/STM32v2/Objects/Ram/chmboxes.o
chMsgRelease                                      C:/STM32v2/Objects/Ram/chmsg.o
chMsgSend                                         C:/STM32v2/Objects/Ram/chmsg.o
chMsgWait                                         C:/STM32v2/Objects/Ram/chmsg.o
chMtxInit                                         C:/STM32v2/Objects/Ram/chmtx.o
                                                  C:/STM32v2/Objects/Ram/spi.o
                                                  C:/STM32v2/Objects/Ram/adc.o
                                                  C:/STM32v2/Objects/Ram/chheap.o
chMtxLock                                         C:/STM32v2/Objects/Ram/chmtx.o
                                                  C:/STM32v2/Objects/Ram/spi.o
                                                  C:/STM32v2/Objects/Ram/adc.o
                                                  C:/STM32v2/Objects/Ram/chheap.o
chMtxLockS                                        C:/STM32v2/Objects/Ram/chmtx.o
                                                  C:/STM32v2/Objects/Ram/chcond.o
chMtxTryLock                                      C:/STM32v2/Objects/Ram/chmtx.o
chMtxTryLockS                                     C:/STM32v2/Objects/Ram/chmtx.o
chMtxUnlock                                       C:/STM32v2/Objects/Ram/chmtx.o
                                                  C:/STM32v2/Objects/Ram/spi.o
                                                  C:/STM32v2/Objects/Ram/adc.o
                                                  C:/STM32v2/Objects/Ram/chheap.o
chMtxUnlockAll                                    C:/STM32v2/Objects/Ram/chmtx.o
chMtxUnlockS                                      C:/STM32v2/Objects/Ram/chmtx.o
                                                  C:/STM32v2/Objects/Ram/chcond.o
chOQGetI                                          C:/STM32v2/Objects/Ram/chqueues.o
                                                  C:/STM32v2/Objects/Ram/serial_lld.o
                                                  C:/STM32v2/Objects/Ram/serial.o
chOQInit                                          C:/STM32v2/Objects/Ram/chqueues.o
                                                  C:/STM32v2/Objects/Ram/serial.o
chOQPutTimeout                                    C:/STM32v2/Objects/Ram/chqueues.o
                                                  C:/STM32v2/Objects/Ram/serial.o
chOQResetI                                        C:/STM32v2/Objects/Ram/chqueues.o
                                                  C:/STM32v2/Objects/Ram/serial.o
chOQWriteTimeout                                  C:/STM32v2/Objects/Ram/chqueues.o
                                                  C:/STM32v2/Objects/Ram/serial.o
chPoolAlloc                                       C:/STM32v2/Objects/Ram/chmempools.o
                                                  C:/STM32v2/Objects/Ram/chdynamic.o
chPoolAllocI                                      C:/STM32v2/Objects/Ram/chmempools.o
chPoolFree                                        C:/STM32v2/Objects/Ram/chmempools.o
                                                  C:/STM32v2/Objects/Ram/chdynamic.o
chPoolFreeI                                       C:/STM32v2/Objects/Ram/chmempools.o
chPoolInit                                        C:/STM32v2/Objects/Ram/chmempools.o
chPoolLoadArray                                   C:/STM32v2/Objects/Ram/chmempools.o
chRegFirstThread                                  C:/STM32v2/Objects/Ram/chregistry.o
chRegNextThread                                   C:/STM32v2/Objects/Ram/chregistry.o
chSchDoReschedule                                 C:/STM32v2/Objects/Ram/chschd.o
                                                  C:/STM32v2/Objects/Ram/chcore_v7m.o
chSchDoRescheduleAhead                            C:/STM32v2/Objects/Ram/chschd.o
chSchDoRescheduleBehind                           C:/STM32v2/Objects/Ram/chschd.o
                                                  C:/STM32v2/Objects/Ram/chthreads.o
chSchGoSleepS                                     C:/STM32v2/Objects/Ram/chschd.o
                                                  C:/STM32v2/Objects/Ram/spi.o
                                                  C:/STM32v2/Objects/Ram/adc.o
                                                  C:/STM32v2/Objects/Ram/chmsg.o
                                                  C:/STM32v2/Objects/Ram/chevents.o
                                                  C:/STM32v2/Objects/Ram/chcond.o
                                                  C:/STM32v2/Objects/Ram/chmtx.o
                                                  C:/STM32v2/Objects/Ram/chsem.o
                                                  C:/STM32v2/Objects/Ram/chthreads.o
chSchGoSleepTimeoutS                              C:/STM32v2/Objects/Ram/chschd.o
                                                  C:/STM32v2/Objects/Ram/chqueues.o
                                                  C:/STM32v2/Objects/Ram/chevents.o
                                                  C:/STM32v2/Objects/Ram/chcond.o
                                                  C:/STM32v2/Objects/Ram/chsem.o
                                                  C:/STM32v2/Objects/Ram/chthreads.o
chSchReadyI                                       C:/STM32v2/Objects/Ram/chschd.o
                                                  C:/STM32v2/Objects/Ram/spi_lld.o
                                                  C:/STM32v2/Objects/Ram/adc_lld.o
                                                  C:/STM32v2/Objects/Ram/adc.o
                                                  C:/STM32v2/Objects/Ram/chqueues.o
                                                  C:/STM32v2/Objects/Ram/chmsg.o
                                                  C:/STM32v2/Objects/Ram/chevents.o
                                                  C:/STM32v2/Objects/Ram/chcond.o
                                                  C:/STM32v2/Objects/Ram/chmtx.o
                                                  C:/STM32v2/Objects/Ram/chsem.o
                                                  C:/STM32v2/Objects/Ram/chthreads.o
chSchRescheduleS                                  C:/STM32v2/Objects/Ram/chschd.o
                                                  C:/STM32v2/Objects/Ram/serial.o
                                                  C:/STM32v2/Objects/Ram/chmboxes.o
                                                  C:/STM32v2/Objects/Ram/chevents.o
                                                  C:/STM32v2/Objects/Ram/chcond.o
                                                  C:/STM32v2/Objects/Ram/chmtx.o
                                                  C:/STM32v2/Objects/Ram/chsem.o
                                                  C:/STM32v2/Objects/Ram/chthreads.o
chSchWakeupS                                      C:/STM32v2/Objects/Ram/chschd.o
                                                  C:/STM32v2/Objects/Ram/adc.o
                                                  C:/STM32v2/Objects/Ram/chmsg.o
                                                  C:/STM32v2/Objects/Ram/chcond.o
                                                  C:/STM32v2/Objects/Ram/chmtx.o
                                                  C:/STM32v2/Objects/Ram/chsem.o
                                                  C:/STM32v2/Objects/Ram/chdynamic.o
                                                  C:/STM32v2/Objects/Ram/chthreads.o
chSemAddCounterI                                  C:/STM32v2/Objects/Ram/chsem.o
chSemInit                                         C:/STM32v2/Objects/Ram/chsem.o
                                                  C:/STM32v2/Objects/Ram/chmboxes.o
chSemReset                                        C:/STM32v2/Objects/Ram/chsem.o
chSemResetI                                       C:/STM32v2/Objects/Ram/chsem.o
                                                  C:/STM32v2/Objects/Ram/chmboxes.o
chSemSignal                                       C:/STM32v2/Objects/Ram/chsem.o
chSemSignalI                                      C:/STM32v2/Objects/Ram/chsem.o
                                                  C:/STM32v2/Objects/Ram/chmboxes.o
chSemSignalWait                                   C:/STM32v2/Objects/Ram/chsem.o
chSemWait                                         C:/STM32v2/Objects/Ram/chsem.o
chSemWaitS                                        C:/STM32v2/Objects/Ram/chsem.o
chSemWaitTimeout                                  C:/STM32v2/Objects/Ram/chsem.o
chSemWaitTimeoutS                                 C:/STM32v2/Objects/Ram/chsem.o
                                                  C:/STM32v2/Objects/Ram/chmboxes.o
chSysInit                                         C:/STM32v2/Objects/Ram/chsys.o
                                                  build/obj/Base.o
chSysTimerHandlerI                                C:/STM32v2/Objects/Ram/chsys.o
                                                  C:/STM32v2/Objects/Ram/chcore_v7m.o
chThdAddRef                                       C:/STM32v2/Objects/Ram/chdynamic.o
chThdCreateFromHeap                               C:/STM32v2/Objects/Ram/chdynamic.o
chThdCreateFromMemoryPool                         C:/STM32v2/Objects/Ram/chdynamic.o
chThdCreateI                                      C:/STM32v2/Objects/Ram/chthreads.o
                                                  C:/STM32v2/Objects/Ram/chdynamic.o
chThdCreateStatic                                 C:/STM32v2/Objects/Ram/chthreads.o
                                                  C:/STM32v2/Objects/Ram/chsys.o
chThdExit                                         C:/STM32v2/Objects/Ram/chthreads.o
                                                  C:/STM32v2/Objects/Ram/chcore_v7m.o
chThdExitS                                        C:/STM32v2/Objects/Ram/chthreads.o
chThdRelease                                      C:/STM32v2/Objects/Ram/chdynamic.o
                                                  C:/STM32v2/Objects/Ram/chregistry.o
                                                  C:/STM32v2/Objects/Ram/chthreads.o
chThdResume                                       C:/STM32v2/Objects/Ram/chthreads.o
chThdSetPriority                                  C:/STM32v2/Objects/Ram/chthreads.o
chThdSleep                                        C:/STM32v2/Objects/Ram/chthreads.o
                                                  build/obj/main.o
                                                  build/obj/lcd.o
chThdSleepUntil                                   C:/STM32v2/Objects/Ram/chthreads.o
chThdTerminate                                    C:/STM32v2/Objects/Ram/chthreads.o
chThdWait                                         C:/STM32v2/Objects/Ram/chthreads.o
chThdYield                                        C:/STM32v2/Objects/Ram/chthreads.o
chVTResetI                                        C:/STM32v2/Objects/Ram/chvt.o
                                                  C:/STM32v2/Objects/Ram/chschd.o
chVTSetI                                          C:/STM32v2/Objects/Ram/chvt.o
                                                  C:/STM32v2/Objects/Ram/chschd.o
ch_debug                                          C:/STM32v2/Objects/Ram/chregistry.o
                                                  C:/STM32v2/Objects/Ram/chsys.o
displayAccel                                      build/obj/main.o
dmaInit                                           C:/STM32v2/Objects/Ram/stm32_dma.o
                                                  C:/STM32v2/Objects/Ram/hal_lld.o
dmaStreamAllocate                                 C:/STM32v2/Objects/Ram/stm32_dma.o
                                                  C:/STM32v2/Objects/Ram/spi_lld.o
                                                  C:/STM32v2/Objects/Ram/adc_lld.o
dmaStreamRelease                                  C:/STM32v2/Objects/Ram/stm32_dma.o
                                                  C:/STM32v2/Objects/Ram/spi_lld.o
                                                  C:/STM32v2/Objects/Ram/adc_lld.o
gptChangeInterval                                 C:/STM32v2/Objects/Ram/gpt.o
gptDelayUs                                        build/obj/Base.o
                                                  build/obj/accel.o
                                                  build/obj/lcd.o
gptDelayUs2                                       build/obj/Base.o
gptInit                                           C:/STM32v2/Objects/Ram/gpt.o
                                                  C:/STM32v2/Objects/Ram/hal.o
gptObjectInit                                     C:/STM32v2/Objects/Ram/gpt.o
                                                  C:/STM32v2/Objects/Ram/gpt_lld.o
gptPolledDelay                                    C:/STM32v2/Objects/Ram/gpt.o
                                                  build/obj/Base.o